Archive member included to satisfy reference by file (symbol)

C:/ST/STM32CubeIDE_1.19.0/STM32CubeIDE/plugins/com.st.stm32cube.ide.mcu.externaltools.gnu-tools-for-stm32.13.3.rel1.win32_1.0.0.202411081344/tools/bin/../lib/gcc/arm-none-eabi/13.3.1/../../../../arm-none-eabi/lib/thumb/v7e-m+fp/hard\libc_nano.a(libc_a-exit.o)
                              C:/ST/STM32CubeIDE_1.19.0/STM32CubeIDE/plugins/com.st.stm32cube.ide.mcu.externaltools.gnu-tools-for-stm32.13.3.rel1.win32_1.0.0.202411081344/tools/bin/../lib/gcc/arm-none-eabi/13.3.1/../../../../arm-none-eabi/lib/thumb/v7e-m+fp/hard/crt0.o (exit)
C:/ST/STM32CubeIDE_1.19.0/STM32CubeIDE/plugins/com.st.stm32cube.ide.mcu.externaltools.gnu-tools-for-stm32.13.3.rel1.win32_1.0.0.202411081344/tools/bin/../lib/gcc/arm-none-eabi/13.3.1/../../../../arm-none-eabi/lib/thumb/v7e-m+fp/hard\libc_nano.a(libc_a-rand.o)
                              ./BlueNRG_MS/App/app_bluenrg_ms.o (srand)
C:/ST/STM32CubeIDE_1.19.0/STM32CubeIDE/plugins/com.st.stm32cube.ide.mcu.externaltools.gnu-tools-for-stm32.13.3.rel1.win32_1.0.0.202411081344/tools/bin/../lib/gcc/arm-none-eabi/13.3.1/../../../../arm-none-eabi/lib/thumb/v7e-m+fp/hard\libc_nano.a(libc_a-findfp.o)
                              C:/ST/STM32CubeIDE_1.19.0/STM32CubeIDE/plugins/com.st.stm32cube.ide.mcu.externaltools.gnu-tools-for-stm32.13.3.rel1.win32_1.0.0.202411081344/tools/bin/../lib/gcc/arm-none-eabi/13.3.1/../../../../arm-none-eabi/lib/thumb/v7e-m+fp/hard\libc_nano.a(libc_a-exit.o) (__stdio_exit_handler)
C:/ST/STM32CubeIDE_1.19.0/STM32CubeIDE/plugins/com.st.stm32cube.ide.mcu.externaltools.gnu-tools-for-stm32.13.3.rel1.win32_1.0.0.202411081344/tools/bin/../lib/gcc/arm-none-eabi/13.3.1/../../../../arm-none-eabi/lib/thumb/v7e-m+fp/hard\libc_nano.a(libc_a-fwalk.o)
                              C:/ST/STM32CubeIDE_1.19.0/STM32CubeIDE/plugins/com.st.stm32cube.ide.mcu.externaltools.gnu-tools-for-stm32.13.3.rel1.win32_1.0.0.202411081344/tools/bin/../lib/gcc/arm-none-eabi/13.3.1/../../../../arm-none-eabi/lib/thumb/v7e-m+fp/hard\libc_nano.a(libc_a-findfp.o) (_fwalk_sglue)
C:/ST/STM32CubeIDE_1.19.0/STM32CubeIDE/plugins/com.st.stm32cube.ide.mcu.externaltools.gnu-tools-for-stm32.13.3.rel1.win32_1.0.0.202411081344/tools/bin/../lib/gcc/arm-none-eabi/13.3.1/../../../../arm-none-eabi/lib/thumb/v7e-m+fp/hard\libc_nano.a(libc_a-printf.o)
                              ./Core/Src/main.o (printf)
C:/ST/STM32CubeIDE_1.19.0/STM32CubeIDE/plugins/com.st.stm32cube.ide.mcu.externaltools.gnu-tools-for-stm32.13.3.rel1.win32_1.0.0.202411081344/tools/bin/../lib/gcc/arm-none-eabi/13.3.1/../../../../arm-none-eabi/lib/thumb/v7e-m+fp/hard\libc_nano.a(libc_a-stdio.o)
                              C:/ST/STM32CubeIDE_1.19.0/STM32CubeIDE/plugins/com.st.stm32cube.ide.mcu.externaltools.gnu-tools-for-stm32.13.3.rel1.win32_1.0.0.202411081344/tools/bin/../lib/gcc/arm-none-eabi/13.3.1/../../../../arm-none-eabi/lib/thumb/v7e-m+fp/hard\libc_nano.a(libc_a-findfp.o) (__sread)
C:/ST/STM32CubeIDE_1.19.0/STM32CubeIDE/plugins/com.st.stm32cube.ide.mcu.externaltools.gnu-tools-for-stm32.13.3.rel1.win32_1.0.0.202411081344/tools/bin/../lib/gcc/arm-none-eabi/13.3.1/../../../../arm-none-eabi/lib/thumb/v7e-m+fp/hard\libc_nano.a(libc_a-memset.o)
                              C:/ST/STM32CubeIDE_1.19.0/STM32CubeIDE/plugins/com.st.stm32cube.ide.mcu.externaltools.gnu-tools-for-stm32.13.3.rel1.win32_1.0.0.202411081344/tools/bin/../lib/gcc/arm-none-eabi/13.3.1/../../../../arm-none-eabi/lib/thumb/v7e-m+fp/hard/crt0.o (memset)
C:/ST/STM32CubeIDE_1.19.0/STM32CubeIDE/plugins/com.st.stm32cube.ide.mcu.externaltools.gnu-tools-for-stm32.13.3.rel1.win32_1.0.0.202411081344/tools/bin/../lib/gcc/arm-none-eabi/13.3.1/../../../../arm-none-eabi/lib/thumb/v7e-m+fp/hard\libc_nano.a(libc_a-closer.o)
                              C:/ST/STM32CubeIDE_1.19.0/STM32CubeIDE/plugins/com.st.stm32cube.ide.mcu.externaltools.gnu-tools-for-stm32.13.3.rel1.win32_1.0.0.202411081344/tools/bin/../lib/gcc/arm-none-eabi/13.3.1/../../../../arm-none-eabi/lib/thumb/v7e-m+fp/hard\libc_nano.a(libc_a-stdio.o) (_close_r)
C:/ST/STM32CubeIDE_1.19.0/STM32CubeIDE/plugins/com.st.stm32cube.ide.mcu.externaltools.gnu-tools-for-stm32.13.3.rel1.win32_1.0.0.202411081344/tools/bin/../lib/gcc/arm-none-eabi/13.3.1/../../../../arm-none-eabi/lib/thumb/v7e-m+fp/hard\libc_nano.a(libc_a-reent.o)
                              C:/ST/STM32CubeIDE_1.19.0/STM32CubeIDE/plugins/com.st.stm32cube.ide.mcu.externaltools.gnu-tools-for-stm32.13.3.rel1.win32_1.0.0.202411081344/tools/bin/../lib/gcc/arm-none-eabi/13.3.1/../../../../arm-none-eabi/lib/thumb/v7e-m+fp/hard\libc_nano.a(libc_a-closer.o) (errno)
C:/ST/STM32CubeIDE_1.19.0/STM32CubeIDE/plugins/com.st.stm32cube.ide.mcu.externaltools.gnu-tools-for-stm32.13.3.rel1.win32_1.0.0.202411081344/tools/bin/../lib/gcc/arm-none-eabi/13.3.1/../../../../arm-none-eabi/lib/thumb/v7e-m+fp/hard\libc_nano.a(libc_a-impure.o)
[...]
Memory Configuration

Name             Origin             Length             Attributes
RAM              0x20000000         0x000a0000         xrw
RAM2             0x10000000         0x00010000         xrw
RAM3             0x20040000         0x00060000         xrw
FLASH            0x08000000         0x00200000         xr
*default*        0x00000000         0xffffffff

Linker script and memory map

LOAD C:/ST/STM32CubeIDE_1.19.0/STM32CubeIDE/plugins/com.st.stm32cube.ide.mcu.externaltools.gnu-tools-for-stm32.13.3.rel1.win32_1.0.0.202411081344/tools/bin/../lib/gcc/arm-none-eabi/13.3.1/thumb/v7e-m+fp/hard/crti.o
LOAD C:/ST/STM32CubeIDE_1.19.0/STM32CubeIDE/plugins/com.st.stm32cube.ide.mcu.externaltools.gnu-tools-for-stm32.13.3.rel1.win32_1.0.0.202411081344/tools/bin/../lib/gcc/arm-none-eabi/13.3.1/thumb/v7e-m+fp/hard/crtbegin.o
LOAD C:/ST/STM32CubeIDE_1.19.0/STM32CubeIDE/plugins/com.st.stm32cube.ide.mcu.externaltools.gnu-tools-for-stm32.13.3.rel1.win32_1.0.0.202411081344/tools/bin/../lib/gcc/arm-none-eabi/13.3.1/../../../../arm-none-eabi/lib/thumb/v7e-m+fp/hard/crt0.o
LOAD ./BlueNRG_MS/App/app_bluenrg_ms.o
LOAD ./BlueNRG_MS/App/gatt_db.o
LOAD ./BlueNRG_MS/App/sensor.o
LOAD ./BlueNRG_MS/Target/hci_tl_interface.o
LOAD ./Core/Src/freertos.o
LOAD ./Core/Src/main.o
LOAD ./Core/Src/stm32l4xx_hal_msp.o
LOAD ./Core/Src/stm32l4xx_it.o
LOAD ./Core/Src/syscalls.o
LOAD ./Core/Src/sysmem.o
LOAD ./Core/Src/system_stm32l4xx.o
LOAD ./Core/Startup/startup_stm32l4s5vitx.o
LOAD ./Drivers/BSP/B-L4S5I-IOT01A/b_l4s5i_iot01a.o
LOAD ./Drivers/BSP/B-L4S5I-IOT01A/b_l4s5i_iot01a_bus.o
LOAD ./Drivers/STM32L4xx_HAL_Driver/Src/stm32l4xx_hal.o
LOAD ./Drivers/STM32L4xx_HAL_Driver/Src/stm32l4xx_hal_adc.o
LOAD ./Drivers/STM32L4xx_HAL_Driver/Src/stm32l4xx_hal_adc_ex.o
LOAD ./Drivers/STM32L4xx_HAL_Driver/Src/stm32l4xx_hal_cortex.o
LOAD ./Drivers/STM32L4xx_HAL_Driver/Src/stm32l4xx_hal_dfsdm.o
LOAD ./Drivers/STM32L4xx_HAL_Driver/Src/stm32l4xx_hal_dfsdm_ex.o
LOAD ./Drivers/STM32L4xx_HAL_Driver/Src/stm32l4xx_hal_dma.o
LOAD ./Drivers/STM32L4xx_HAL_Driver/Src/stm32l4xx_hal_dma_ex.o
LOAD ./Drivers/STM32L4xx_HAL_Driver/Src/stm32l4xx_hal_exti.o
LOAD ./Drivers/STM32L4xx_HAL_Driver/Src/stm32l4xx_hal_flash.o
LOAD ./Drivers/STM32L4xx_HAL_Driver/Src/stm32l4xx_hal_flash_ex.o
LOAD ./Drivers/STM32L4xx_HAL_Driver/Src/stm32l4xx_hal_flash_ramfunc.o
LOAD ./Drivers/STM32L4xx_HAL_Driver/Src/stm32l4xx_hal_gpio.o
LOAD ./Drivers/STM32L4xx_HAL_Driver/Src/stm32l4xx_hal_i2c.o
LOAD ./Drivers/STM32L4xx_HAL_Driver/Src/stm32l4xx_hal_i2c_ex.o
LOAD ./Drivers/STM32L4xx_HAL_Driver/Src/stm32l4xx_hal_ospi.o
LOAD ./Drivers/STM32L4xx_HAL_Driver/Src/stm32l4xx_hal_pwr.o
LOAD ./Drivers/STM32L4xx_HAL_Driver/Src/stm32l4xx_hal_pwr_ex.o
LOAD ./Drivers/STM32L4xx_HAL_Driver/Src/stm32l4xx_hal_rcc.o
LOAD ./Drivers/STM32L4xx_HAL_Driver/Src/stm32l4xx_hal_rcc_ex.o
LOAD ./Drivers/STM32L4xx_HAL_Driver/Src/stm32l4xx_hal_spi.o
LOAD ./Drivers/STM32L4xx_HAL_Driver/Src/stm32l4xx_hal_spi_ex.o
LOAD ./Drivers/STM32L4xx_HAL_Driver/Src/stm32l4xx_hal_tim.o
LOAD ./Drivers/STM32L4xx_HAL_Driver/Src/stm32l4xx_hal_tim_ex.o
LOAD ./Drivers/STM32L4xx_HAL_Driver/Src/stm32l4xx_hal_uart.o
LOAD ./Drivers/STM32L4xx_HAL_Driver/Src/stm32l4xx_hal_uart_ex.o
LOAD ./Middlewares/ST/BlueNRG-MS/hci/controller/bluenrg_gap_aci.o
LOAD ./Middlewares/ST/BlueNRG-MS/hci/controller/bluenrg_gatt_aci.o
LOAD ./Middlewares/ST/BlueNRG-MS/hci/controller/bluenrg_hal_aci.o
LOAD ./Middlewares/ST/BlueNRG-MS/hci/controller/bluenrg_l2cap_aci.o
LOAD ./Middlewares/ST/BlueNRG-MS/hci/controller/bluenrg_updater_aci.o
LOAD ./Middlewares/ST/BlueNRG-MS/hci/controller/bluenrg_utils_small.o
LOAD ./Middlewares/ST/BlueNRG-MS/hci/hci_le.o
LOAD ./Middlewares/ST/BlueNRG-MS/hci/hci_tl_patterns/Basic/hci_tl.o
LOAD ./Middlewares/ST/BlueNRG-MS/utils/ble_list.o
LOAD ./Middlewares/Third_Party/FreeRTOS/Source/CMSIS_RTOS/cmsis_os.o
LOAD ./Middlewares/Third_Party/FreeRTOS/Source/croutine.o
LOAD ./Middlewares/Third_Party/FreeRTOS/Source/event_groups.o
LOAD ./Middlewares/Third_Party/FreeRTOS/Source/list.o
LOAD ./Middlewares/Third_Party/FreeRTOS/Source/queue.o
LOAD ./Middlewares/Third_Party/FreeRTOS/Source/stream_buffer.o
LOAD ./Middlewares/Third_Party/FreeRTOS/Source/tasks.o
LOAD ./Middlewares/Third_Party/FreeRTOS/Source/timers.o
LOAD ./Middlewares/Third_Party/FreeRTOS/Source/portable/GCC/ARM_CM4F/port.o
LOAD ./Middlewares/Third_Party/FreeRTOS/Source/portable/MemMang/heap_4.o
START GROUP
LOAD C:/ST/STM32CubeIDE_1.19.0/STM32CubeIDE/plugins/com.st.stm32cube.ide.mcu.externaltools.gnu-tools-for-stm32.13.3.rel1.win32_1.0.0.202411081344/tools/bin/../lib/gcc/arm-none-eabi/13.3.1/../../../../arm-none-eabi/lib/thumb/v7e-m+fp/hard\libc_nano.a
LOAD C:/ST/STM32CubeIDE_1.19.0/STM32CubeIDE/plugins/com.st.stm32cube.ide.mcu.externaltools.gnu-tools-for-stm32.13.3.rel1.win32_1.0.0.202411081344/tools/bin/../lib/gcc/arm-none-eabi/13.3.1/../../../../arm-none-eabi/lib/thumb/v7e-m+fp/hard\libm.a
END GROUP
START GROUP
LOAD C:/ST/STM32CubeIDE_1.19.0/STM32CubeIDE/plugins/com.st.stm32cube.ide.mcu.externaltools.gnu-tools-for-stm32.13.3.rel1.win32_1.0.0.202411081344/tools/bin/../lib/gcc/arm-none-eabi/13.3.1/thumb/v7e-m+fp/hard\libgcc.a
LOAD C:/ST/STM32CubeIDE_1.19.0/STM32CubeIDE/plugins/com.st.stm32cube.ide.mcu.externaltools.gnu-tools-for-stm32.13.3.rel1.win32_1.0.0.202411081344/tools/bin/../lib/gcc/arm-none-eabi/13.3.1/../../../../arm-none-eabi/lib/thumb/v7e-m+fp/hard\libc_nano.a
END GROUP
START GROUP
LOAD C:/ST/STM32CubeIDE_1.19.0/STM32CubeIDE/plugins/com.st.stm32cube.ide.mcu.externaltools.gnu-tools-for-stm32.13.3.rel1.win32_1.0.0.202411081344/tools/bin/../lib/gcc/arm-none-eabi/13.3.1/thumb/v7e-m+fp/hard\libgcc.a
LOAD C:/ST/STM32CubeIDE_1.19.0/STM32CubeIDE/plugins/com.st.stm32cube.ide.mcu.externaltools.gnu-tools-for-stm32.13.3.rel1.win32_1.0.0.202411081344/tools/bin/../lib/gcc/arm-none-eabi/13.3.1/../../../../arm-none-eabi/lib/thumb/v7e-m+fp/hard\libc_nano.a
LOAD C:/ST/STM32CubeIDE_1.19.0/STM32CubeIDE/plugins/com.st.stm32cube.ide.mcu.externaltools.gnu-tools-for-stm32.13.3.rel1.win32_1.0.0.202411081344/tools/bin/../lib/gcc/arm-none-eabi/13.3.1/../../../../arm-none-eabi/lib/thumb/v7e-m+fp/hard\libnosys.a
END GROUP
START GROUP
LOAD C:/ST/STM32CubeIDE_1.19.0/STM32CubeIDE/plugins/com.st.stm32cube.ide.mcu.externaltools.gnu-tools-for-stm32.13.3.rel1.win32_1.0.0.202411081344/tools/bin/../lib/gcc/arm-none-eabi/13.3.1/thumb/v7e-m+fp/hard\libgcc.a
LOAD C:/ST/STM32CubeIDE_1.19.0/STM32CubeIDE/plugins/com.st.stm32cube.ide.mcu.externaltools.gnu-tools-for-stm32.13.3.rel1.win32_1.0.0.202411081344/tools/bin/../lib/gcc/arm-none-eabi/13.3.1/../../../../arm-none-eabi/lib/thumb/v7e-m+fp/hard\libc_nano.a
LOAD C:/ST/STM32CubeIDE_1.19.0/STM32CubeIDE/plugins/com.st.stm32cube.ide.mcu.externaltools.gnu-tools-for-stm32.13.3.rel1.win32_1.0.0.202411081344/tools/bin/../lib/gcc/arm-none-eabi/13.3.1/../../../../arm-none-eabi/lib/thumb/v7e-m+fp/hard\libnosys.a
END GROUP
LOAD C:/ST/STM32CubeIDE_1.19.0/STM32CubeIDE/plugins/com.st.stm32cube.ide.mcu.externaltools.gnu-tools-for-stm32.13.3.rel1.win32_1.0.0.202411081344/tools/bin/../lib/gcc/arm-none-eabi/13.3.1/thumb/v7e-m+fp/hard/crtend.o
LOAD C:/ST/STM32CubeIDE_1.19.0/STM32CubeIDE/plugins/com.st.stm32cube.ide.mcu.externaltools.gnu-tools-for-stm32.13.3.rel1.win32_1.0.0.202411081344/tools/bin/../lib/gcc/arm-none-eabi/13.3.1/thumb/v7e-m+fp/hard/crtn.o
                0x200a0000                        _estack = (ORIGIN (RAM) + LENGTH (RAM))
                0x00000200                        _Min_Heap_Size = 0x200
                0x00000400                        _Min_Stack_Size = 0x400

.isr_vector     0x08000000      0x1bc
                0x08000000                        . = ALIGN (0x4)
 *(.isr_vector)
 .isr_vector    0x08000000      0x1bc ./Core/Startup/startup_stm32l4s5vitx.o
                0x08000000                g_pfnVectors
                0x080001bc                        . = ALIGN (0x4)

.text           0x080001c0     0xbda8
                0x080001c0                        . = ALIGN (0x4)
 *(.text)
 .text          0x080001c0       0x40 C:/ST/STM32CubeIDE_1.19.0/STM32CubeIDE/plugins/com.st.stm32cube.ide.mcu.externaltools.gnu-tools-for-stm32.13.3.rel1.win32_1.0.0.202411081344/tools/bin/../lib/gcc/arm-none-eabi/13.3.1/thumb/v7e-m+fp/hard/crtbegin.o
 .text          0x08000200       0x10 C:/ST/STM32CubeIDE_1.19.0/STM32CubeIDE/plugins/com.st.stm32cube.ide.mcu.externaltools.gnu-tools-for-stm32.13.3.rel1.win32_1.0.0.202411081344/tools/bin/../lib/gcc/arm-none-eabi/13.3.1/../../../../arm-none-eabi/lib/thumb/v7e-m+fp/hard\libc_nano.a(libc_a-strlen.o)
                0x08000200                strlen
 .text          0x08000210       0xa0 C:/ST/STM32CubeIDE_1.19.0/STM32CubeIDE/plugins/com.st.stm32cube.ide.mcu.externaltools.gnu-tools-for-stm32.13.3.rel1.win32_1.0.0.202411081344/tools/bin/../lib/gcc/arm-none-eabi/13.3.1/../../../../arm-none-eabi/lib/thumb/v7e-m+fp/hard\libc_nano.a(libc_a-memchr.o)
                0x08000210                memchr
 .text          0x080002b0      0x378 C:/ST/STM32CubeIDE_1.19.0/STM32CubeIDE/plugins/com.st.stm32cube.ide.mcu.externaltools.gnu-tools-for-stm32.13.3.rel1.win32_1.0.0.202411081344/tools/bin/../lib/gcc/arm-none-eabi/13.3.1/thumb/v7e-m+fp/hard\libgcc.a(_arm_addsubdf3.o)
                0x080002b0                __aeabi_drsub
                0x080002b8                __aeabi_dsub
                0x080002b8                __subdf3
                0x080002bc                __aeabi_dadd
                0x080002bc                __adddf3
                0x08000534                __floatunsidf
                0x08000534                __aeabi_ui2d
                0x08000554                __floatsidf
                0x08000554                __aeabi_i2d
                0x08000578                __aeabi_f2d
                0x08000578                __extendsfdf2
                0x080005bc                __floatundidf
                0x080005bc                __aeabi_ul2d
                0x080005cc                __floatdidf
                0x080005cc                __aeabi_l2d
 .text          0x08000628       0xa0 C:/ST/STM32CubeIDE_1.19.0/STM32CubeIDE/plugins/com.st.stm32cube.ide.mcu.externaltools.gnu-tools-for-stm32.13.3.rel1.win32_1.0.0.202411081344/tools/bin/../lib/gcc/arm-none-eabi/13.3.1/thumb/v7e-m+fp/hard\libgcc.a(_arm_truncdfsf2.o)
                0x08000628                __truncdfsf2
                0x08000628                __aeabi_d2f
 .text          0x080006c8       0x30 C:/ST/STM32CubeIDE_1.19.0/STM32CubeIDE/plugins/com.st.stm32cube.ide.mcu.externaltools.gnu-tools-for-stm32.13.3.rel1.win32_1.0.0.202411081344/tools/bin/../lib/gcc/arm-none-eabi/13.3.1/thumb/v7e-m+fp/hard\libgcc.a(_aeabi_uldivmod.o)
                0x080006c8                __aeabi_uldivmod
 .text          0x080006f8      0x2f8 C:/ST/STM32CubeIDE_1.19.0/STM32CubeIDE/plugins/com.st.stm32cube.ide.mcu.externaltools.gnu-tools-for-stm32.13.3.rel1.win32_1.0.0.202411081344/tools/bin/../lib/gcc/arm-none-eabi/13.3.1/thumb/v7e-m+fp/hard\libgcc.a(_udivmoddi4.o)
                0x080006f8                __udivmoddi4
 .text          0x080009f0        0x4 C:/ST/STM32CubeIDE_1.19.0/STM32CubeIDE/plugins/com.st.stm32cube.ide.mcu.externaltools.gnu-tools-for-stm32.13.3.rel1.win32_1.0.0.202411081344/tools/bin/../lib/gcc/arm-none-eabi/13.3.1/thumb/v7e-m+fp/hard\libgcc.a(_dvmd_tls.o)
                0x080009f0                __aeabi_idiv0
                0x080009f0                __aeabi_ldiv0
 *(.text*)
 .text.MX_BlueNRG_MS_Init
                0x080009f4      0x158 ./BlueNRG_MS/App/app_bluenrg_ms.o
                0x080009f4                MX_BlueNRG_MS_Init
 .text.User_Init
                0x08000b4c       0x1c ./BlueNRG_MS/App/app_bluenrg_ms.o
 .text.BSP_PB_Callback
                0x08000b68       0x20 ./BlueNRG_MS/App/app_bluenrg_ms.o
                0x08000b68                BSP_PB_Callback
 .text.Add_HWServW2ST_Service
                0x08000b88      0x1a4 ./BlueNRG_MS/App/gatt_db.o
                0x08000b88                Add_HWServW2ST_Service
 .text.Add_SWServW2ST_Service
                0x08000d2c      0x120 ./BlueNRG_MS/App/gatt_db.o
                0x08000d2c                Add_SWServW2ST_Service
 .text.Acc_Update
                0x08000e4c      0x114 ./BlueNRG_MS/App/gatt_db.o
                0x08000e4c                Acc_Update
 .text.Read_Request_CB
                0x08000f60      0x190 ./BlueNRG_MS/App/gatt_db.o
                0x08000f60                Read_Request_CB
 .text.BlueMS_Environmental_Update
                0x080010f0       0x8c ./BlueNRG_MS/App/gatt_db.o
                0x080010f0                BlueMS_Environmental_Update
 .text.user_notify
                0x0800117c       0x9e ./BlueNRG_MS/App/sensor.o
                0x0800117c                user_notify
 *fill*         0x0800121a        0x2 
 .text.GAP_DisconnectionComplete_CB
                0x0800121c       0x2c ./BlueNRG_MS/App/sensor.o
                0x0800121c                GAP_DisconnectionComplete_CB
 .text.GAP_ConnectionComplete_CB
                0x08001248       0x40 ./BlueNRG_MS/App/sensor.o
                0x08001248                GAP_ConnectionComplete_CB
 .text.HCI_TL_SPI_Init
                0x08001288       0x94 ./BlueNRG_MS/Target/hci_tl_interface.o
                0x08001288                HCI_TL_SPI_Init
 .text.HCI_TL_SPI_DeInit
                0x0800131c       0x30 ./BlueNRG_MS/Target/hci_tl_interface.o
                0x0800131c                HCI_TL_SPI_DeInit
 .text.HCI_TL_SPI_Reset
                0x0800134c       0x44 ./BlueNRG_MS/Target/hci_tl_interface.o
                0x0800134c                HCI_TL_SPI_Reset
 .text.HCI_TL_SPI_Receive
                0x08001390       0xb0 ./BlueNRG_MS/Target/hci_tl_interface.o
                0x08001390                HCI_TL_SPI_Receive
 .text.HCI_TL_SPI_Send
                0x08001440       0xa0 ./BlueNRG_MS/Target/hci_tl_interface.o
                0x08001440                HCI_TL_SPI_Send
 .text.IsDataAvailable
                0x080014e0       0x20 ./BlueNRG_MS/Target/hci_tl_interface.o
 .text.hci_tl_lowlevel_init
                0x08001500       0x74 ./BlueNRG_MS/Target/hci_tl_interface.o
                0x08001500                hci_tl_lowlevel_init
 .text.hci_tl_lowlevel_isr
                0x08001574       0x22 ./BlueNRG_MS/Target/hci_tl_interface.o
                0x08001574                hci_tl_lowlevel_isr
 *fill*         0x08001596        0x2 
 .text.vApplicationGetIdleTaskMemory
                0x08001598       0x34 ./Core/Src/freertos.o
                0x08001598                vApplicationGetIdleTaskMemory
 .text.main     0x080015cc       0xa8 ./Core/Src/main.o
                0x080015cc                main
 .text.SystemClock_Config
                0x08001674       0xc4 ./Core/Src/main.o
                0x08001674                SystemClock_Config
 .text.PeriphCommonClock_Config
                0x08001738       0x5e ./Core/Src/main.o
                0x08001738                PeriphCommonClock_Config
 *fill*         0x08001796        0x2 
 .text.MX_ADC1_Init
                0x08001798       0xc8 ./Core/Src/main.o
 .text.MX_DFSDM1_Init
                0x08001860       0x70 ./Core/Src/main.o
 .text.MX_I2C1_Init
                0x080018d0       0x80 ./Core/Src/main.o
 .text.MX_I2C2_Init
                0x08001950       0x80 ./Core/Src/main.o
 .text.MX_OCTOSPI1_Init
                0x080019d0       0xac ./Core/Src/main.o
 .text.MX_SPI1_Init
                0x08001a7c       0x7c ./Core/Src/main.o
 .text.MX_TIM1_Init
                0x08001af8       0xa8 ./Core/Src/main.o
 .text.MX_UART4_Init
                0x08001ba0       0x98 ./Core/Src/main.o
 .text.MX_USART2_UART_Init
                0x08001c38       0x9c ./Core/Src/main.o
 .text.MX_USART3_UART_Init
                0x08001cd4       0x98 ./Core/Src/main.o
 .text.MX_USB_OTG_FS_USB_Init
                0x08001d6c        0xe ./Core/Src/main.o
 *fill*         0x08001d7a        0x2 
 .text.MX_GPIO_Init
                0x08001d7c      0x284 ./Core/Src/main.o
 .text.StartDefaultTask
                0x08002000       0x10 ./Core/Src/main.o
                0x08002000                StartDefaultTask
 .text.StartTask02
                0x08002010       0x1c ./Core/Src/main.o
                0x08002010                StartTask02
 .text.Error_Handler
                0x0800202c        0xc ./Core/Src/main.o
                0x0800202c                Error_Handler
 .text.HAL_MspInit
                0x08002038       0x50 ./Core/Src/stm32l4xx_hal_msp.o
                0x08002038                HAL_MspInit
 .text.HAL_ADC_MspInit
                0x08002088       0x80 ./Core/Src/stm32l4xx_hal_msp.o
                0x08002088                HAL_ADC_MspInit
 .text.HAL_DFSDM_ChannelMspInit
                0x08002108       0xc8 ./Core/Src/stm32l4xx_hal_msp.o
                0x08002108                HAL_DFSDM_ChannelMspInit
 .text.HAL_I2C_MspInit
                0x080021d0      0x144 ./Core/Src/stm32l4xx_hal_msp.o
                0x080021d0                HAL_I2C_MspInit
 .text.HAL_OSPI_MspInit
                0x08002314       0xd8 ./Core/Src/stm32l4xx_hal_msp.o
                0x08002314                HAL_OSPI_MspInit
 .text.HAL_SPI_MspInit
                0x080023ec       0x84 ./Core/Src/stm32l4xx_hal_msp.o
                0x080023ec                HAL_SPI_MspInit
 .text.HAL_TIM_Base_MspInit
                0x08002470       0x40 ./Core/Src/stm32l4xx_hal_msp.o
                0x08002470                HAL_TIM_Base_MspInit
 .text.HAL_UART_MspInit
                0x080024b0      0x1cc ./Core/Src/stm32l4xx_hal_msp.o
                0x080024b0                HAL_UART_MspInit
 .text.NMI_Handler
                0x0800267c        0x8 ./Core/Src/stm32l4xx_it.o
                0x0800267c                NMI_Handler
 .text.HardFault_Handler
                0x08002684        0x8 ./Core/Src/stm32l4xx_it.o
                0x08002684                HardFault_Handler
 .text.MemManage_Handler
                0x0800268c        0x8 ./Core/Src/stm32l4xx_it.o
                0x0800268c                MemManage_Handler
 .text.BusFault_Handler
                0x08002694        0x8 ./Core/Src/stm32l4xx_it.o
                0x08002694                BusFault_Handler
 .text.UsageFault_Handler
                0x0800269c        0x8 ./Core/Src/stm32l4xx_it.o
                0x0800269c                UsageFault_Handler
 .text.DebugMon_Handler
                0x080026a4        0xe ./Core/Src/stm32l4xx_it.o
                0x080026a4                DebugMon_Handler
 .text.SysTick_Handler
                0x080026b2       0x1a ./Core/Src/stm32l4xx_it.o
                0x080026b2                SysTick_Handler
 .text.EXTI9_5_IRQHandler
                0x080026cc       0x28 ./Core/Src/stm32l4xx_it.o
                0x080026cc                EXTI9_5_IRQHandler
 .text.EXTI15_10_IRQHandler
                0x080026f4       0x3c ./Core/Src/stm32l4xx_it.o
                0x080026f4                EXTI15_10_IRQHandler
 .text._getpid  0x08002730       0x10 ./Core/Src/syscalls.o
                0x08002730                _getpid
 .text._kill    0x08002740       0x20 ./Core/Src/syscalls.o
                0x08002740                _kill
 .text._exit    0x08002760       0x16 ./Core/Src/syscalls.o
                0x08002760                _exit
 .text._read    0x08002776       0x3a ./Core/Src/syscalls.o
                0x08002776                _read
 .text._write   0x080027b0       0x38 ./Core/Src/syscalls.o
                0x080027b0                _write
 .text._close   0x080027e8       0x18 ./Core/Src/syscalls.o
                0x080027e8                _close
 .text._fstat   0x08002800       0x20 ./Core/Src/syscalls.o
                0x08002800                _fstat
 .text._isatty  0x08002820       0x16 ./Core/Src/syscalls.o
                0x08002820                _isatty
 .text._lseek   0x08002836       0x1a ./Core/Src/syscalls.o
                0x08002836                _lseek
 .text._sbrk    0x08002850       0x6c ./Core/Src/sysmem.o
                0x08002850                _sbrk
 .text.SystemInit
                0x080028bc       0x24 ./Core/Src/system_stm32l4xx.o
                0x080028bc                SystemInit
 .text.Reset_Handler
                0x080028e0       0x50 ./Core/Startup/startup_stm32l4s5vitx.o
                0x080028e0                Reset_Handler
 .text.Default_Handler
                0x08002930        0x2 ./Core/Startup/startup_stm32l4s5vitx.o
                0x08002930                RTC_Alarm_IRQHandler
                0x08002930                EXTI2_IRQHandler
                0x08002930                TIM8_TRG_COM_IRQHandler
                0x08002930                TIM8_CC_IRQHandler
                0x08002930                TIM1_CC_IRQHandler
                0x08002930                TSC_IRQHandler
                0x08002930                TAMP_STAMP_IRQHandler
                0x08002930                EXTI3_IRQHandler
                0x08002930                LPTIM2_IRQHandler
                0x08002930                DFSDM1_FLT1_IRQHandler
                0x08002930                GFXMMU_IRQHandler
                0x08002930                I2C3_ER_IRQHandler
                0x08002930                DFSDM1_FLT2_IRQHandler
                0x08002930                EXTI0_IRQHandler
                0x08002930                I2C2_EV_IRQHandler
                0x08002930                CAN1_RX0_IRQHandler
                0x08002930                FPU_IRQHandler
                0x08002930                TIM1_UP_TIM16_IRQHandler
                0x08002930                LTDC_ER_IRQHandler
                0x08002930                SPI1_IRQHandler
                0x08002930                OCTOSPI1_IRQHandler
                0x08002930                TIM6_DAC_IRQHandler
                0x08002930                DCMI_IRQHandler
                0x08002930                TIM8_UP_IRQHandler
                0x08002930                OCTOSPI2_IRQHandler
                0x08002930                DMA2_Channel2_IRQHandler
                0x08002930                DMA1_Channel4_IRQHandler
                0x08002930                SAI2_IRQHandler
                0x08002930                ADC1_IRQHandler
                0x08002930                DFSDM1_FLT3_IRQHandler
                0x08002930                USART3_IRQHandler
                0x08002930                DMA1_Channel7_IRQHandler
                0x08002930                CAN1_RX1_IRQHandler
                0x08002930                UART5_IRQHandler
                0x08002930                TIM4_IRQHandler
                0x08002930                DMA2_Channel1_IRQHandler
                0x08002930                I2C1_EV_IRQHandler
                0x08002930                DMAMUX1_OVR_IRQHandler
                0x08002930                DMA1_Channel6_IRQHandler
                0x08002930                UART4_IRQHandler
                0x08002930                DMA2_Channel4_IRQHandler
                0x08002930                TIM3_IRQHandler
                0x08002930                RCC_IRQHandler
                0x08002930                DMA1_Channel1_IRQHandler
                0x08002930                Default_Handler
                0x08002930                DMA2_Channel7_IRQHandler
                0x08002930                TIM7_IRQHandler
                0x08002930                SDMMC1_IRQHandler
                0x08002930                TIM5_IRQHandler
                0x08002930                I2C3_EV_IRQHandler
                0x08002930                RTC_WKUP_IRQHandler
                0x08002930                LTDC_IRQHandler
                0x08002930                PVD_PVM_IRQHandler
                0x08002930                SPI2_IRQHandler
                0x08002930                CAN1_TX_IRQHandler
                0x08002930                DMA2_Channel5_IRQHandler
                0x08002930                DMA1_Channel5_IRQHandler
                0x08002930                EXTI4_IRQHandler
                0x08002930                RNG_IRQHandler
                0x08002930                TIM1_TRG_COM_TIM17_IRQHandler
                0x08002930                DMA1_Channel3_IRQHandler
                0x08002930                COMP_IRQHandler
                0x08002930                HASH_CRS_IRQHandler
                0x08002930                WWDG_IRQHandler
                0x08002930                I2C4_EV_IRQHandler
                0x08002930                LPUART1_IRQHandler
                0x08002930                DMA2_Channel6_IRQHandler
                0x08002930                TIM2_IRQHandler
                0x08002930                DMA2D_IRQHandler
                0x08002930                EXTI1_IRQHandler
                0x08002930                AES_IRQHandler
                0x08002930                USART2_IRQHandler
                0x08002930                DFSDM1_FLT0_IRQHandler
                0x08002930                I2C2_ER_IRQHandler
                0x08002930                DMA1_Channel2_IRQHandler
                0x08002930                TIM8_BRK_IRQHandler
                0x08002930                CAN1_SCE_IRQHandler
                0x08002930                FLASH_IRQHandler
                0x08002930                USART1_IRQHandler
                0x08002930                OTG_FS_IRQHandler
                0x08002930                SPI3_IRQHandler
                0x08002930                I2C1_ER_IRQHandler
                0x08002930                FMC_IRQHandler
                0x08002930                LPTIM1_IRQHandler
                0x08002930                I2C4_ER_IRQHandler
                0x08002930                SAI1_IRQHandler
                0x08002930                DMA2_Channel3_IRQHandler
                0x08002930                TIM1_BRK_TIM15_IRQHandler
 *fill*         0x08002932        0x2 
 .text.BSP_LED_Init
                0x08002934       0x24 ./Drivers/BSP/B-L4S5I-IOT01A/b_l4s5i_iot01a.o
                0x08002934                BSP_LED_Init
 .text.LED_USER_GPIO_Init
                0x08002958       0x80 ./Drivers/BSP/B-L4S5I-IOT01A/b_l4s5i_iot01a.o
 .text.BSP_PB_Init
                0x080029d8       0xa8 ./Drivers/BSP/B-L4S5I-IOT01A/b_l4s5i_iot01a.o
                0x080029d8                BSP_PB_Init
 .text.BSP_PB_GetState
                0x08002a80       0x38 ./Drivers/BSP/B-L4S5I-IOT01A/b_l4s5i_iot01a.o
                0x08002a80                BSP_PB_GetState
 .text.BUTTON_USER_EXTI_Callback
                0x08002ab8        0xe ./Drivers/BSP/B-L4S5I-IOT01A/b_l4s5i_iot01a.o
 *fill*         0x08002ac6        0x2 
 .text.BUTTON_USER_GPIO_Init
                0x08002ac8       0x74 ./Drivers/BSP/B-L4S5I-IOT01A/b_l4s5i_iot01a.o
 .text.BSP_COM_Init
                0x08002b3c       0x74 ./Drivers/BSP/B-L4S5I-IOT01A/b_l4s5i_iot01a.o
                0x08002b3c                BSP_COM_Init
 .text.MX_USART1_UART_Init
                0x08002bb0       0xa4 ./Drivers/BSP/B-L4S5I-IOT01A/b_l4s5i_iot01a.o
                0x08002bb0                MX_USART1_UART_Init
 .text.__io_putchar
                0x08002c54       0x38 ./Drivers/BSP/B-L4S5I-IOT01A/b_l4s5i_iot01a.o
                0x08002c54                __io_putchar
 .text.USART1_MspInit
                0x08002c8c       0xbc ./Drivers/BSP/B-L4S5I-IOT01A/b_l4s5i_iot01a.o
 .text.BSP_SPI3_Init
                0x08002d48       0x60 ./Drivers/BSP/B-L4S5I-IOT01A/b_l4s5i_iot01a_bus.o
                0x08002d48                BSP_SPI3_Init
 .text.BSP_SPI3_SendRecv
                0x08002da8       0x40 ./Drivers/BSP/B-L4S5I-IOT01A/b_l4s5i_iot01a_bus.o
                0x08002da8                BSP_SPI3_SendRecv
 .text.BSP_GetTick
                0x08002de8        0xe ./Drivers/BSP/B-L4S5I-IOT01A/b_l4s5i_iot01a_bus.o
                0x08002de8                BSP_GetTick
 *fill*         0x08002df6        0x2 
 .text.MX_SPI3_Init
                0x08002df8       0x84 ./Drivers/BSP/B-L4S5I-IOT01A/b_l4s5i_iot01a_bus.o
                0x08002df8                MX_SPI3_Init
 .text.SPI3_MspInit
                0x08002e7c       0xb0 ./Drivers/BSP/B-L4S5I-IOT01A/b_l4s5i_iot01a_bus.o
 .text.HAL_Init
                0x08002f2c       0x30 ./Drivers/STM32L4xx_HAL_Driver/Src/stm32l4xx_hal.o
                0x08002f2c                HAL_Init
 .text.HAL_InitTick
                0x08002f5c       0x78 ./Drivers/STM32L4xx_HAL_Driver/Src/stm32l4xx_hal.o
                0x08002f5c                HAL_InitTick
 .text.HAL_IncTick
                0x08002fd4       0x28 ./Drivers/STM32L4xx_HAL_Driver/Src/stm32l4xx_hal.o
                0x08002fd4                HAL_IncTick
 .text.HAL_GetTick
                0x08002ffc       0x18 ./Drivers/STM32L4xx_HAL_Driver/Src/stm32l4xx_hal.o
                0x08002ffc                HAL_GetTick
 .text.HAL_Delay
                0x08003014       0x48 ./Drivers/STM32L4xx_HAL_Driver/Src/stm32l4xx_hal.o
                0x08003014                HAL_Delay
 .text.LL_ADC_SetCommonClock
                0x0800305c       0x26 ./Drivers/STM32L4xx_HAL_Driver/Src/stm32l4xx_hal_adc.o
 .text.LL_ADC_SetCommonPathInternalCh
                0x08003082       0x26 ./Drivers/STM32L4xx_HAL_Driver/Src/stm32l4xx_hal_adc.o
 .text.LL_ADC_GetCommonPathInternalCh
                0x080030a8       0x1c ./Drivers/STM32L4xx_HAL_Driver/Src/stm32l4xx_hal_adc.o
 .text.LL_ADC_SetOffset
                0x080030c4       0x48 ./Drivers/STM32L4xx_HAL_Driver/Src/stm32l4xx_hal_adc.o
 .text.LL_ADC_GetOffsetChannel
                0x0800310c       0x2c ./Drivers/STM32L4xx_HAL_Driver/Src/stm32l4xx_hal_adc.o
 .text.LL_ADC_SetOffsetState
                0x08003138       0x36 ./Drivers/STM32L4xx_HAL_Driver/Src/stm32l4xx_hal_adc.o
 .text.LL_ADC_SetSamplingTimeCommonConfig
                0x0800316e       0x26 ./Drivers/STM32L4xx_HAL_Driver/Src/stm32l4xx_hal_adc.o
 .text.LL_ADC_REG_SetSequencerRanks
                0x08003194       0x58 ./Drivers/STM32L4xx_HAL_Driver/Src/stm32l4xx_hal_adc.o
 .text.LL_ADC_SetChannelSamplingTime
                0x080031ec       0x56 ./Drivers/STM32L4xx_HAL_Driver/Src/stm32l4xx_hal_adc.o
 *fill*         0x08003242        0x2 
 .text.LL_ADC_SetChannelSingleDiff
                0x08003244       0x48 ./Drivers/STM32L4xx_HAL_Driver/Src/stm32l4xx_hal_adc.o
 .text.LL_ADC_DisableDeepPowerDown
                0x0800328c       0x24 ./Drivers/STM32L4xx_HAL_Driver/Src/stm32l4xx_hal_adc.o
 .text.LL_ADC_IsDeepPowerDownEnabled
                0x080032b0       0x28 ./Drivers/STM32L4xx_HAL_Driver/Src/stm32l4xx_hal_adc.o
 .text.LL_ADC_EnableInternalRegulator
                0x080032d8       0x28 ./Drivers/STM32L4xx_HAL_Driver/Src/stm32l4xx_hal_adc.o
 .text.LL_ADC_IsInternalRegulatorEnabled
                0x08003300       0x28 ./Drivers/STM32L4xx_HAL_Driver/Src/stm32l4xx_hal_adc.o
 .text.LL_ADC_IsEnabled
                0x08003328       0x26 ./Drivers/STM32L4xx_HAL_Driver/Src/stm32l4xx_hal_adc.o
 .text.LL_ADC_REG_IsConversionOngoing
                0x0800334e       0x26 ./Drivers/STM32L4xx_HAL_Driver/Src/stm32l4xx_hal_adc.o
 .text.LL_ADC_INJ_IsConversionOngoing
                0x08003374       0x26 ./Drivers/STM32L4xx_HAL_Driver/Src/stm32l4xx_hal_adc.o
 *fill*         0x0800339a        0x2 
 .text.HAL_ADC_Init
                0x0800339c      0x28c ./Drivers/STM32L4xx_HAL_Driver/Src/stm32l4xx_hal_adc.o
                0x0800339c                HAL_ADC_Init
 .text.HAL_ADC_ConfigChannel
                0x08003628      0x7f8 ./Drivers/STM32L4xx_HAL_Driver/Src/stm32l4xx_hal_adc.o
                0x08003628                HAL_ADC_ConfigChannel
 .text.__NVIC_SetPriorityGrouping
                0x08003e20       0x48 ./Drivers/STM32L4xx_HAL_Driver/Src/stm32l4xx_hal_cortex.o
 .text.__NVIC_GetPriorityGrouping
                0x08003e68       0x1c ./Drivers/STM32L4xx_HAL_Driver/Src/stm32l4xx_hal_cortex.o
 .text.__NVIC_EnableIRQ
                0x08003e84       0x3c ./Drivers/STM32L4xx_HAL_Driver/Src/stm32l4xx_hal_cortex.o
 .text.__NVIC_SetPriority
                0x08003ec0       0x54 ./Drivers/STM32L4xx_HAL_Driver/Src/stm32l4xx_hal_cortex.o
 .text.NVIC_EncodePriority
                0x08003f14       0x66 ./Drivers/STM32L4xx_HAL_Driver/Src/stm32l4xx_hal_cortex.o
 *fill*         0x08003f7a        0x2 
 .text.SysTick_Config
                0x08003f7c       0x44 ./Drivers/STM32L4xx_HAL_Driver/Src/stm32l4xx_hal_cortex.o
 .text.HAL_NVIC_SetPriorityGrouping
                0x08003fc0       0x16 ./Drivers/STM32L4xx_HAL_Driver/Src/stm32l4xx_hal_cortex.o
                0x08003fc0                HAL_NVIC_SetPriorityGrouping
 .text.HAL_NVIC_SetPriority
                0x08003fd6       0x38 ./Drivers/STM32L4xx_HAL_Driver/Src/stm32l4xx_hal_cortex.o
                0x08003fd6                HAL_NVIC_SetPriority
 .text.HAL_NVIC_EnableIRQ
                0x0800400e       0x1c ./Drivers/STM32L4xx_HAL_Driver/Src/stm32l4xx_hal_cortex.o
                0x0800400e                HAL_NVIC_EnableIRQ
 .text.HAL_SYSTICK_Config
                0x0800402a       0x18 ./Drivers/STM32L4xx_HAL_Driver/Src/stm32l4xx_hal_cortex.o
                0x0800402a                HAL_SYSTICK_Config
 *fill*         0x08004042        0x2 
 .text.HAL_DFSDM_ChannelInit
                0x08004044      0x180 ./Drivers/STM32L4xx_HAL_Driver/Src/stm32l4xx_hal_dfsdm.o
                0x08004044                HAL_DFSDM_ChannelInit
 .text.DFSDM_GetChannelFromInstance
                0x080041c4       0x98 ./Drivers/STM32L4xx_HAL_Driver/Src/stm32l4xx_hal_dfsdm.o
 .text.HAL_EXTI_RegisterCallback
                0x0800425c       0x34 ./Drivers/STM32L4xx_HAL_Driver/Src/stm32l4xx_hal_exti.o
                0x0800425c                HAL_EXTI_RegisterCallback
 .text.HAL_EXTI_GetHandle
                0x08004290       0x28 ./Drivers/STM32L4xx_HAL_Driver/Src/stm32l4xx_hal_exti.o
                0x08004290                HAL_EXTI_GetHandle
 .text.HAL_EXTI_IRQHandler
                0x080042b8       0x60 ./Drivers/STM32L4xx_HAL_Driver/Src/stm32l4xx_hal_exti.o
                0x080042b8                HAL_EXTI_IRQHandler
 .text.HAL_GPIO_Init
                0x08004318      0x324 ./Drivers/STM32L4xx_HAL_Driver/Src/stm32l4xx_hal_gpio.o
                0x08004318                HAL_GPIO_Init
 .text.HAL_GPIO_DeInit
                0x0800463c      0x1e4 ./Drivers/STM32L4xx_HAL_Driver/Src/stm32l4xx_hal_gpio.o
                0x0800463c                HAL_GPIO_DeInit
 .text.HAL_GPIO_ReadPin
                0x08004820       0x30 ./Drivers/STM32L4xx_HAL_Driver/Src/stm32l4xx_hal_gpio.o
                0x08004820                HAL_GPIO_ReadPin
 .text.HAL_GPIO_WritePin
                0x08004850       0x30 ./Drivers/STM32L4xx_HAL_Driver/Src/stm32l4xx_hal_gpio.o
                0x08004850                HAL_GPIO_WritePin
 .text.HAL_GPIO_EXTI_IRQHandler
                0x08004880       0x30 ./Drivers/STM32L4xx_HAL_Driver/Src/stm32l4xx_hal_gpio.o
                0x08004880                HAL_GPIO_EXTI_IRQHandler
 .text.HAL_GPIO_EXTI_Callback
                0x080048b0       0x16 ./Drivers/STM32L4xx_HAL_Driver/Src/stm32l4xx_hal_gpio.o
                0x080048b0                HAL_GPIO_EXTI_Callback
 .text.HAL_I2C_Init
                0x080048c6      0x136 ./Drivers/STM32L4xx_HAL_Driver/Src/stm32l4xx_hal_i2c.o
                0x080048c6                HAL_I2C_Init
 .text.HAL_I2CEx_ConfigAnalogFilter
                0x080049fc       0x96 ./Drivers/STM32L4xx_HAL_Driver/Src/stm32l4xx_hal_i2c_ex.o
                0x080049fc                HAL_I2CEx_ConfigAnalogFilter
 .text.HAL_I2CEx_ConfigDigitalFilter
                0x08004a92       0x98 ./Drivers/STM32L4xx_HAL_Driver/Src/stm32l4xx_hal_i2c_ex.o
                0x08004a92                HAL_I2CEx_ConfigDigitalFilter
 *fill*         0x08004b2a        0x2 
 .text.HAL_OSPI_Init
                0x08004b2c      0x154 ./Drivers/STM32L4xx_HAL_Driver/Src/stm32l4xx_hal_ospi.o
                0x08004b2c                HAL_OSPI_Init
 .text.HAL_OSPI_SetTimeout
                0x08004c80       0x1e ./Drivers/STM32L4xx_HAL_Driver/Src/stm32l4xx_hal_ospi.o
                0x08004c80                HAL_OSPI_SetTimeout
 *fill*         0x08004c9e        0x2 
 .text.HAL_OSPIM_Config
                0x08004ca0      0x670 ./Drivers/STM32L4xx_HAL_Driver/Src/stm32l4xx_hal_ospi.o
                0x08004ca0                HAL_OSPIM_Config
 .text.OSPI_WaitFlagStateUntilTimeout
                0x08005310       0x6e ./Drivers/STM32L4xx_HAL_Driver/Src/stm32l4xx_hal_ospi.o
 *fill*         0x0800537e        0x2 
 .text.OSPIM_GetConfig
                0x08005380      0x160 ./Drivers/STM32L4xx_HAL_Driver/Src/stm32l4xx_hal_ospi.o
 .text.HAL_PWR_EnableBkUpAccess
                0x080054e0       0x20 ./Drivers/STM32L4xx_HAL_Driver/Src/stm32l4xx_hal_pwr.o
                0x080054e0                HAL_PWR_EnableBkUpAccess
 .text.HAL_PWREx_GetVoltageRange
                0x08005500       0x40 ./Drivers/STM32L4xx_HAL_Driver/Src/stm32l4xx_hal_pwr_ex.o
                0x08005500                HAL_PWREx_GetVoltageRange
 .text.HAL_PWREx_ControlVoltageScaling
                0x08005540      0x148 ./Drivers/STM32L4xx_HAL_Driver/Src/stm32l4xx_hal_pwr_ex.o
                0x08005540                HAL_PWREx_ControlVoltageScaling
 .text.HAL_RCC_OscConfig
                0x08005688      0x834 ./Drivers/STM32L4xx_HAL_Driver/Src/stm32l4xx_hal_rcc.o
                0x08005688                HAL_RCC_OscConfig
 .text.HAL_RCC_ClockConfig
                0x08005ebc      0x274 ./Drivers/STM32L4xx_HAL_Driver/Src/stm32l4xx_hal_rcc.o
                0x08005ebc                HAL_RCC_ClockConfig
 .text.HAL_RCC_GetSysClockFreq
                0x08006130      0x118 ./Drivers/STM32L4xx_HAL_Driver/Src/stm32l4xx_hal_rcc.o
                0x08006130                HAL_RCC_GetSysClockFreq
 .text.HAL_RCC_GetHCLKFreq
                0x08006248       0x18 ./Drivers/STM32L4xx_HAL_Driver/Src/stm32l4xx_hal_rcc.o
                0x08006248                HAL_RCC_GetHCLKFreq
 .text.HAL_RCC_GetPCLK1Freq
                0x08006260       0x2c ./Drivers/STM32L4xx_HAL_Driver/Src/stm32l4xx_hal_rcc.o
                0x08006260                HAL_RCC_GetPCLK1Freq
 .text.HAL_RCC_GetPCLK2Freq
                0x0800628c       0x2c ./Drivers/STM32L4xx_HAL_Driver/Src/stm32l4xx_hal_rcc.o
                0x0800628c                HAL_RCC_GetPCLK2Freq
 .text.RCC_SetFlashLatencyFromMSIRange
                0x080062b8       0xb4 ./Drivers/STM32L4xx_HAL_Driver/Src/stm32l4xx_hal_rcc.o
 .text.RCC_GetSysClockFreqFromPLLSource
                0x0800636c       0xcc ./Drivers/STM32L4xx_HAL_Driver/Src/stm32l4xx_hal_rcc.o
 .text.HAL_RCCEx_PeriphCLKConfig
                0x08006438      0x660 ./Drivers/STM32L4xx_HAL_Driver/Src/stm32l4xx_hal_rcc_ex.o
                0x08006438                HAL_RCCEx_PeriphCLKConfig
 .text.HAL_RCCEx_EnableMSIPLLMode
                0x08006a98       0x20 ./Drivers/STM32L4xx_HAL_Driver/Src/stm32l4xx_hal_rcc_ex.o
                0x08006a98                HAL_RCCEx_EnableMSIPLLMode
 .text.RCCEx_PLLSAI1_Config
                0x08006ab8      0x1e8 ./Drivers/STM32L4xx_HAL_Driver/Src/stm32l4xx_hal_rcc_ex.o
 .text.RCCEx_PLLSAI2_Config
                0x08006ca0      0x1e8 ./Drivers/STM32L4xx_HAL_Driver/Src/stm32l4xx_hal_rcc_ex.o
 .text.HAL_SPI_Init
                0x08006e88      0x146 ./Drivers/STM32L4xx_HAL_Driver/Src/stm32l4xx_hal_spi.o
                0x08006e88                HAL_SPI_Init
 .text.HAL_SPI_TransmitReceive
                0x08006fce      0x43e ./Drivers/STM32L4xx_HAL_Driver/Src/stm32l4xx_hal_spi.o
                0x08006fce                HAL_SPI_TransmitReceive
 .text.HAL_SPI_GetState
                0x0800740c       0x1c ./Drivers/STM32L4xx_HAL_Driver/Src/stm32l4xx_hal_spi.o
                0x0800740c                HAL_SPI_GetState
 .text.SPI_WaitFlagStateUntilTimeout
                0x08007428      0x110 ./Drivers/STM32L4xx_HAL_Driver/Src/stm32l4xx_hal_spi.o
 .text.SPI_WaitFifoStateUntilTimeout
                0x08007538      0x12c ./Drivers/STM32L4xx_HAL_Driver/Src/stm32l4xx_hal_spi.o
 .text.SPI_EndRxTxTransaction
                0x08007664       0x8c ./Drivers/STM32L4xx_HAL_Driver/Src/stm32l4xx_hal_spi.o
 .text.HAL_TIM_Base_Init
                0x080076f0       0xae ./Drivers/STM32L4xx_HAL_Driver/Src/stm32l4xx_hal_tim.o
                0x080076f0                HAL_TIM_Base_Init
 .text.HAL_TIM_ConfigClockSource
                0x0800779e      0x192 ./Drivers/STM32L4xx_HAL_Driver/Src/stm32l4xx_hal_tim.o
                0x0800779e                HAL_TIM_ConfigClockSource
 .text.TIM_Base_SetConfig
                0x08007930      0x14c ./Drivers/STM32L4xx_HAL_Driver/Src/stm32l4xx_hal_tim.o
                0x08007930                TIM_Base_SetConfig
 .text.TIM_TI1_ConfigInputStage
                0x08007a7c       0x5e ./Drivers/STM32L4xx_HAL_Driver/Src/stm32l4xx_hal_tim.o
 .text.TIM_TI2_ConfigInputStage
                0x08007ada       0x60 ./Drivers/STM32L4xx_HAL_Driver/Src/stm32l4xx_hal_tim.o
 .text.TIM_ITRx_SetConfig
                0x08007b3a       0x36 ./Drivers/STM32L4xx_HAL_Driver/Src/stm32l4xx_hal_tim.o
 .text.TIM_ETR_SetConfig
                0x08007b70       0x40 ./Drivers/STM32L4xx_HAL_Driver/Src/stm32l4xx_hal_tim.o
                0x08007b70                TIM_ETR_SetConfig
 .text.HAL_TIMEx_MasterConfigSynchronization
                0x08007bb0      0x110 ./Drivers/STM32L4xx_HAL_Driver/Src/stm32l4xx_hal_tim_ex.o
                0x08007bb0                HAL_TIMEx_MasterConfigSynchronization
 .text.HAL_UART_Init
                0x08007cc0       0xa0 ./Drivers/STM32L4xx_HAL_Driver/Src/stm32l4xx_hal_uart.o
                0x08007cc0                HAL_UART_Init
 .text.HAL_UART_Transmit
                0x08007d60      0x11c ./Drivers/STM32L4xx_HAL_Driver/Src/stm32l4xx_hal_uart.o
                0x08007d60                HAL_UART_Transmit
 .text.UART_SetConfig
                0x08007e7c      0x5f8 ./Drivers/STM32L4xx_HAL_Driver/Src/stm32l4xx_hal_uart.o
                0x08007e7c                UART_SetConfig
 .text.UART_AdvFeatureConfig
                0x08008474      0x144 ./Drivers/STM32L4xx_HAL_Driver/Src/stm32l4xx_hal_uart.o
                0x08008474                UART_AdvFeatureConfig
 .text.UART_CheckIdleState
                0x080085b8      0x154 ./Drivers/STM32L4xx_HAL_Driver/Src/stm32l4xx_hal_uart.o
                0x080085b8                UART_CheckIdleState
 .text.UART_WaitOnFlagUntilTimeout
                0x0800870c       0xda ./Drivers/STM32L4xx_HAL_Driver/Src/stm32l4xx_hal_uart.o
                0x0800870c                UART_WaitOnFlagUntilTimeout
 .text.UART_EndRxTransfer
                0x080087e6       0xcc ./Drivers/STM32L4xx_HAL_Driver/Src/stm32l4xx_hal_uart.o
 .text.HAL_UARTEx_DisableFifoMode
                0x080088b2       0x72 ./Drivers/STM32L4xx_HAL_Driver/Src/stm32l4xx_hal_uart_ex.o
                0x080088b2                HAL_UARTEx_DisableFifoMode
 .text.HAL_UARTEx_SetTxFifoThreshold
                0x08008924       0x7c ./Drivers/STM32L4xx_HAL_Driver/Src/stm32l4xx_hal_uart_ex.o
                0x08008924                HAL_UARTEx_SetTxFifoThreshold
 .text.HAL_UARTEx_SetRxFifoThreshold
                0x080089a0       0x7c ./Drivers/STM32L4xx_HAL_Driver/Src/stm32l4xx_hal_uart_ex.o
                0x080089a0                HAL_UARTEx_SetRxFifoThreshold
 .text.UARTEx_SetNbDataToProcess
                0x08008a1c       0x9c ./Drivers/STM32L4xx_HAL_Driver/Src/stm32l4xx_hal_uart_ex.o
 .text.aci_gap_init_IDB05A1
                0x08008ab8       0xa0 ./Middlewares/ST/BlueNRG-MS/hci/controller/bluenrg_gap_aci.o
                0x08008ab8                aci_gap_init_IDB05A1
 .text.aci_gap_init_IDB04A1
                0x08008b58       0x94 ./Middlewares/ST/BlueNRG-MS/hci/controller/bluenrg_gap_aci.o
                0x08008b58                aci_gap_init_IDB04A1
 .text.aci_gap_set_auth_requirement
                0x08008bec       0xae ./Middlewares/ST/BlueNRG-MS/hci/controller/bluenrg_gap_aci.o
                0x08008bec                aci_gap_set_auth_requirement
 .text.aci_gatt_init
                0x08008c9a       0x46 ./Middlewares/ST/BlueNRG-MS/hci/controller/bluenrg_gatt_aci.o
                0x08008c9a                aci_gatt_init
 .text.aci_gatt_add_serv
                0x08008ce0      0x112 ./Middlewares/ST/BlueNRG-MS/hci/controller/bluenrg_gatt_aci.o
                0x08008ce0                aci_gatt_add_serv
 .text.aci_gatt_add_char
                0x08008df2      0x196 ./Middlewares/ST/BlueNRG-MS/hci/controller/bluenrg_gatt_aci.o
                0x08008df2                aci_gatt_add_char
 .text.aci_gatt_update_char_value
                0x08008f88      0x120 ./Middlewares/ST/BlueNRG-MS/hci/controller/bluenrg_gatt_aci.o
                0x08008f88                aci_gatt_update_char_value
 .text.aci_gatt_allow_read
                0x080090a8       0x5a ./Middlewares/ST/BlueNRG-MS/hci/controller/bluenrg_gatt_aci.o
                0x080090a8                aci_gatt_allow_read
 .text.aci_hal_read_config_data
                0x08009102       0xaa ./Middlewares/ST/BlueNRG-MS/hci/controller/bluenrg_hal_aci.o
                0x08009102                aci_hal_read_config_data
 .text.aci_hal_set_tx_power_level
                0x080091ac       0x62 ./Middlewares/ST/BlueNRG-MS/hci/controller/bluenrg_hal_aci.o
                0x080091ac                aci_hal_set_tx_power_level
 .text.getBlueNRGVersion
                0x0800920e       0x84 ./Middlewares/ST/BlueNRG-MS/hci/controller/bluenrg_utils_small.o
                0x0800920e                getBlueNRGVersion
 .text.hci_reset
                0x08009292       0x44 ./Middlewares/ST/BlueNRG-MS/hci/hci_le.o
                0x08009292                hci_reset
 .text.hci_le_read_local_version
                0x080092d6       0x94 ./Middlewares/ST/BlueNRG-MS/hci/hci_le.o
                0x080092d6                hci_le_read_local_version
 .text.verify_packet
                0x0800936a       0x40 ./Middlewares/ST/BlueNRG-MS/hci/hci_tl_patterns/Basic/hci_tl.o
 *fill*         0x080093aa        0x2 
 .text.send_cmd
                0x080093ac       0x84 ./Middlewares/ST/BlueNRG-MS/hci/hci_tl_patterns/Basic/hci_tl.o
 .text.move_list
                0x08009430       0x38 ./Middlewares/ST/BlueNRG-MS/hci/hci_tl_patterns/Basic/hci_tl.o
 .text.free_event_list
                0x08009468       0x3c ./Middlewares/ST/BlueNRG-MS/hci/hci_tl_patterns/Basic/hci_tl.o
 .text.hci_init
                0x080094a4       0x84 ./Middlewares/ST/BlueNRG-MS/hci/hci_tl_patterns/Basic/hci_tl.o
                0x080094a4                hci_init
 .text.hci_register_io_bus
                0x08009528       0x40 ./Middlewares/ST/BlueNRG-MS/hci/hci_tl_patterns/Basic/hci_tl.o
                0x08009528                hci_register_io_bus
 .text.hci_send_req
                0x08009568      0x230 ./Middlewares/ST/BlueNRG-MS/hci/hci_tl_patterns/Basic/hci_tl.o
                0x08009568                hci_send_req
 .text.hci_notify_asynch_evt
                0x08009798       0x9c ./Middlewares/ST/BlueNRG-MS/hci/hci_tl_patterns/Basic/hci_tl.o
                0x08009798                hci_notify_asynch_evt
 .text.list_init_head
                0x08009834       0x20 ./Middlewares/ST/BlueNRG-MS/utils/ble_list.o
                0x08009834                list_init_head
 .text.list_is_empty
                0x08009854       0x44 ./Middlewares/ST/BlueNRG-MS/utils/ble_list.o
                0x08009854                list_is_empty
 .text.list_insert_head
                0x08009898       0x4c ./Middlewares/ST/BlueNRG-MS/utils/ble_list.o
                0x08009898                list_insert_head
 .text.list_insert_tail
                0x080098e4       0x4c ./Middlewares/ST/BlueNRG-MS/utils/ble_list.o
                0x080098e4                list_insert_tail
 .text.list_remove_node
                0x08009930       0x42 ./Middlewares/ST/BlueNRG-MS/utils/ble_list.o
                0x08009930                list_remove_node
 .text.list_remove_head
                0x08009972       0x4e ./Middlewares/ST/BlueNRG-MS/utils/ble_list.o
                0x08009972                list_remove_head
 .text.list_remove_tail
                0x080099c0       0x4e ./Middlewares/ST/BlueNRG-MS/utils/ble_list.o
                0x080099c0                list_remove_tail
 .text.list_get_size
                0x08009a0e       0x50 ./Middlewares/ST/BlueNRG-MS/utils/ble_list.o
                0x08009a0e                list_get_size
 .text.makeFreeRtosPriority
                0x08009a5e       0x30 ./Middlewares/Third_Party/FreeRTOS/Source/CMSIS_RTOS/cmsis_os.o
 .text.osKernelStart
                0x08009a8e        0xe ./Middlewares/Third_Party/FreeRTOS/Source/CMSIS_RTOS/cmsis_os.o
                0x08009a8e                osKernelStart
 .text.osThreadCreate
                0x08009a9c       0x98 ./Middlewares/Third_Party/FreeRTOS/Source/CMSIS_RTOS/cmsis_os.o
                0x08009a9c                osThreadCreate
 .text.osDelay  0x08009b34       0x28 ./Middlewares/Third_Party/FreeRTOS/Source/CMSIS_RTOS/cmsis_os.o
                0x08009b34                osDelay
 .text.vListInitialise
                0x08009b5c       0x40 ./Middlewares/Third_Party/FreeRTOS/Source/list.o
                0x08009b5c                vListInitialise
 .text.vListInitialiseItem
                0x08009b9c       0x1a ./Middlewares/Third_Party/FreeRTOS/Source/list.o
                0x08009b9c                vListInitialiseItem
 .text.vListInsertEnd
                0x08009bb6       0x48 ./Middlewares/Third_Party/FreeRTOS/Source/list.o
                0x08009bb6                vListInsertEnd
 .text.vListInsert
                0x08009bfe       0x72 ./Middlewares/Third_Party/FreeRTOS/Source/list.o
                0x08009bfe                vListInsert
 .text.uxListRemove
                0x08009c70       0x54 ./Middlewares/Third_Party/FreeRTOS/Source/list.o
                0x08009c70                uxListRemove
 .text.xTaskCreateStatic
                0x08009cc4       0xc0 ./Middlewares/Third_Party/FreeRTOS/Source/tasks.o
                0x08009cc4                xTaskCreateStatic
 .text.xTaskCreate
                0x08009d84       0x8a ./Middlewares/Third_Party/FreeRTOS/Source/tasks.o
                0x08009d84                xTaskCreate
 .text.prvInitialiseNewTask
                0x08009e0e      0x110 ./Middlewares/Third_Party/FreeRTOS/Source/tasks.o
 *fill*         0x08009f1e        0x2 
 .text.prvAddNewTaskToReadyList
                0x08009f20       0xd4 ./Middlewares/Third_Party/FreeRTOS/Source/tasks.o
 .text.vTaskDelay
                0x08009ff4       0x6c ./Middlewares/Third_Party/FreeRTOS/Source/tasks.o
                0x08009ff4                vTaskDelay
 .text.vTaskStartScheduler
                0x0800a060       0xc4 ./Middlewares/Third_Party/FreeRTOS/Source/tasks.o
                0x0800a060                vTaskStartScheduler
 .text.vTaskSuspendAll
                0x0800a124       0x1c ./Middlewares/Third_Party/FreeRTOS/Source/tasks.o
                0x0800a124                vTaskSuspendAll
 .text.xTaskResumeAll
                0x0800a140      0x13c ./Middlewares/Third_Party/FreeRTOS/Source/tasks.o
                0x0800a140                xTaskResumeAll
 .text.xTaskIncrementTick
                0x0800a27c      0x174 ./Middlewares/Third_Party/FreeRTOS/Source/tasks.o
                0x0800a27c                xTaskIncrementTick
 .text.vTaskSwitchContext
                0x0800a3f0       0xb8 ./Middlewares/Third_Party/FreeRTOS/Source/tasks.o
                0x0800a3f0                vTaskSwitchContext
 .text.prvIdleTask
                0x0800a4a8       0x30 ./Middlewares/Third_Party/FreeRTOS/Source/tasks.o
 .text.prvInitialiseTaskLists
                0x0800a4d8       0x80 ./Middlewares/Third_Party/FreeRTOS/Source/tasks.o
 .text.prvCheckTasksWaitingTermination
                0x0800a558       0x5c ./Middlewares/Third_Party/FreeRTOS/Source/tasks.o
 .text.prvDeleteTCB
                0x0800a5b4       0x60 ./Middlewares/Third_Party/FreeRTOS/Source/tasks.o
 .text.prvResetNextTaskUnblockTime
                0x0800a614       0x40 ./Middlewares/Third_Party/FreeRTOS/Source/tasks.o
 .text.xTaskGetSchedulerState
                0x0800a654       0x3c ./Middlewares/Third_Party/FreeRTOS/Source/tasks.o
                0x0800a654                xTaskGetSchedulerState
 .text.prvAddCurrentTaskToDelayedList
                0x0800a690       0xcc ./Middlewares/Third_Party/FreeRTOS/Source/tasks.o
 .text.pxPortInitialiseStack
                0x0800a75c       0x68 ./Middlewares/Third_Party/FreeRTOS/Source/portable/GCC/ARM_CM4F/port.o
                0x0800a75c                pxPortInitialiseStack
 .text.prvTaskExitError
                0x0800a7c4       0x5c ./Middlewares/Third_Party/FreeRTOS/Source/portable/GCC/ARM_CM4F/port.o
 .text.SVC_Handler
                0x0800a820       0x28 ./Middlewares/Third_Party/FreeRTOS/Source/portable/GCC/ARM_CM4F/port.o
                0x0800a820                SVC_Handler
 .text.prvPortStartFirstTask
                0x0800a848       0x28 ./Middlewares/Third_Party/FreeRTOS/Source/portable/GCC/ARM_CM4F/port.o
 .text.xPortStartScheduler
                0x0800a870      0x148 ./Middlewares/Third_Party/FreeRTOS/Source/portable/GCC/ARM_CM4F/port.o
                0x0800a870                xPortStartScheduler
 .text.vPortEnterCritical
                0x0800a9b8       0x64 ./Middlewares/Third_Party/FreeRTOS/Source/portable/GCC/ARM_CM4F/port.o
                0x0800a9b8                vPortEnterCritical
 .text.vPortExitCritical
                0x0800aa1c       0x54 ./Middlewares/Third_Party/FreeRTOS/Source/portable/GCC/ARM_CM4F/port.o
                0x0800aa1c                vPortExitCritical
 .text.PendSV_Handler
                0x0800aa70       0x68 ./Middlewares/Third_Party/FreeRTOS/Source/portable/GCC/ARM_CM4F/port.o
                0x0800aa70                PendSV_Handler
 .text.xPortSysTickHandler
                0x0800aad8       0x44 ./Middlewares/Third_Party/FreeRTOS/Source/portable/GCC/ARM_CM4F/port.o
                0x0800aad8                xPortSysTickHandler
 .text.vPortSetupTimerInterrupt
                0x0800ab1c       0x48 ./Middlewares/Third_Party/FreeRTOS/Source/portable/GCC/ARM_CM4F/port.o
                0x0800ab1c                vPortSetupTimerInterrupt
 .text.vPortEnableVFP
                0x0800ab64       0x14 ./Middlewares/Third_Party/FreeRTOS/Source/portable/GCC/ARM_CM4F/port.o
 .text.pvPortMalloc
                0x0800ab78      0x19c ./Middlewares/Third_Party/FreeRTOS/Source/portable/MemMang/heap_4.o
                0x0800ab78                pvPortMalloc
 .text.vPortFree
                0x0800ad14       0xc8 ./Middlewares/Third_Party/FreeRTOS/Source/portable/MemMang/heap_4.o
                0x0800ad14                vPortFree
 .text.prvHeapInit
                0x0800addc       0xc4 ./Middlewares/Third_Party/FreeRTOS/Source/portable/MemMang/heap_4.o
 .text.prvInsertBlockIntoFreeList
                0x0800aea0       0xb4 ./Middlewares/Third_Party/FreeRTOS/Source/portable/MemMang/heap_4.o
 .text.rand     0x0800af54       0x7c C:/ST/STM32CubeIDE_1.19.0/STM32CubeIDE/plugins/com.st.stm32cube.ide.mcu.externaltools.gnu-tools-for-stm32.13.3.rel1.win32_1.0.0.202411081344/tools/bin/../lib/gcc/arm-none-eabi/13.3.1/../../../../arm-none-eabi/lib/thumb/v7e-m+fp/hard\libc_nano.a(libc_a-rand.o)
                0x0800af54                rand
 .text.std      0x0800afd0       0x6c C:/ST/STM32CubeIDE_1.19.0/STM32CubeIDE/plugins/com.st.stm32cube.ide.mcu.externaltools.gnu-tools-for-stm32.13.3.rel1.win32_1.0.0.202411081344/tools/bin/../lib/gcc/arm-none-eabi/13.3.1/../../../../arm-none-eabi/lib/thumb/v7e-m+fp/hard\libc_nano.a(libc_a-findfp.o)
 .text.stdio_exit_handler
                0x0800b03c       0x18 C:/ST/STM32CubeIDE_1.19.0/STM32CubeIDE/plugins/com.st.stm32cube.ide.mcu.externaltools.gnu-tools-for-stm32.13.3.rel1.win32_1.0.0.202411081344/tools/bin/../lib/gcc/arm-none-eabi/13.3.1/../../../../arm-none-eabi/lib/thumb/v7e-m+fp/hard\libc_nano.a(libc_a-findfp.o)
 .text.cleanup_stdio
                0x0800b054       0x40 C:/ST/STM32CubeIDE_1.19.0/STM32CubeIDE/plugins/com.st.stm32cube.ide.mcu.externaltools.gnu-tools-for-stm32.13.3.rel1.win32_1.0.0.202411081344/tools/bin/../lib/gcc/arm-none-eabi/13.3.1/../../../../arm-none-eabi/lib/thumb/v7e-m+fp/hard\libc_nano.a(libc_a-findfp.o)
 .text.global_stdio_init.part.0
                0x0800b094       0x3c C:/ST/STM32CubeIDE_1.19.0/STM32CubeIDE/plugins/com.st.stm32cube.ide.mcu.externaltools.gnu-tools-for-stm32.13.3.rel1.win32_1.0.0.202411081344/tools/bin/../lib/gcc/arm-none-eabi/13.3.1/../../../../arm-none-eabi/lib/thumb/v7e-m+fp/hard\libc_nano.a(libc_a-findfp.o)
 .text.__sfp_lock_acquire
                0x0800b0d0        0xc C:/ST/STM32CubeIDE_1.19.0/STM32CubeIDE/plugins/com.st.stm32cube.ide.mcu.externaltools.gnu-tools-for-stm32.13.3.rel1.win32_1.0.0.202411081344/tools/bin/../lib/gcc/arm-none-eabi/13.3.1/../../../../arm-none-eabi/lib/thumb/v7e-m+fp/hard\libc_nano.a(libc_a-findfp.o)
                0x0800b0d0                __sfp_lock_acquire
 .text.__sfp_lock_release
                0x0800b0dc        0xc C:/ST/STM32CubeIDE_1.19.0/STM32CubeIDE/plugins/com.st.stm32cube.ide.mcu.externaltools.gnu-tools-for-stm32.13.3.rel1.win32_1.0.0.202411081344/tools/bin/../lib/gcc/arm-none-eabi/13.3.1/../../../../arm-none-eabi/lib/thumb/v7e-m+fp/hard\libc_nano.a(libc_a-findfp.o)
                0x0800b0dc                __sfp_lock_release
 .text.__sinit  0x0800b0e8       0x30 C:/ST/STM32CubeIDE_1.19.0/STM32CubeIDE/plugins/com.st.stm32cube.ide.mcu.externaltools.gnu-tools-for-stm32.13.3.rel1.win32_1.0.0.202411081344/tools/bin/../lib/gcc/arm-none-eabi/13.3.1/../../../../arm-none-eabi/lib/thumb/v7e-m+fp/hard\libc_nano.a(libc_a-findfp.o)
                0x0800b0e8                __sinit
 .text._fwalk_sglue
                0x0800b118       0x3c C:/ST/STM32CubeIDE_1.19.0/STM32CubeIDE/plugins/com.st.stm32cube.ide.mcu.externaltools.gnu-tools-for-stm32.13.3.rel1.win32_1.0.0.202411081344/tools/bin/../lib/gcc/arm-none-eabi/13.3.1/../../../../arm-none-eabi/lib/thumb/v7e-m+fp/hard\libc_nano.a(libc_a-fwalk.o)
                0x0800b118                _fwalk_sglue
 .text.printf   0x0800b154       0x24 C:/ST/STM32CubeIDE_1.19.0/STM32CubeIDE/plugins/com.st.stm32cube.ide.mcu.externaltools.gnu-tools-for-stm32.13.3.rel1.win32_1.0.0.202411081344/tools/bin/../lib/gcc/arm-none-eabi/13.3.1/../../../../arm-none-eabi/lib/thumb/v7e-m+fp/hard\libc_nano.a(libc_a-printf.o)
                0x0800b154                iprintf
                0x0800b154                printf
 .text.__sread  0x0800b178       0x22 C:/ST/STM32CubeIDE_1.19.0/STM32CubeIDE/plugins/com.st.stm32cube.ide.mcu.externaltools.gnu-tools-for-stm32.13.3.rel1.win32_1.0.0.202411081344/tools/bin/../lib/gcc/arm-none-eabi/13.3.1/../../../../arm-none-eabi/lib/thumb/v7e-m+fp/hard\libc_nano.a(libc_a-stdio.o)
                0x0800b178                __sread
 .text.__swrite
                0x0800b19a       0x38 C:/ST/STM32CubeIDE_1.19.0/STM32CubeIDE/plugins/com.st.stm32cube.ide.mcu.externaltools.gnu-tools-for-stm32.13.3.rel1.win32_1.0.0.202411081344/tools/bin/../lib/gcc/arm-none-eabi/13.3.1/../../../../arm-none-eabi/lib/thumb/v7e-m+fp/hard\libc_nano.a(libc_a-stdio.o)
                0x0800b19a                __swrite
 .text.__sseek  0x0800b1d2       0x24 C:/ST/STM32CubeIDE_1.19.0/STM32CubeIDE/plugins/com.st.stm32cube.ide.mcu.externaltools.gnu-tools-for-stm32.13.3.rel1.win32_1.0.0.202411081344/tools/bin/../lib/gcc/arm-none-eabi/13.3.1/../../../../arm-none-eabi/lib/thumb/v7e-m+fp/hard\libc_nano.a(libc_a-stdio.o)
                0x0800b1d2                __sseek
 .text.__sclose
                0x0800b1f6        0x8 C:/ST/STM32CubeIDE_1.19.0/STM32CubeIDE/plugins/com.st.stm32cube.ide.mcu.externaltools.gnu-tools-for-stm32.13.3.rel1.win32_1.0.0.202411081344/tools/bin/../lib/gcc/arm-none-eabi/13.3.1/../../../../arm-none-eabi/lib/thumb/v7e-m+fp/hard\libc_nano.a(libc_a-stdio.o)
                0x0800b1f6                __sclose
 .text.memset   0x0800b1fe       0x10 C:/ST/STM32CubeIDE_1.19.0/STM32CubeIDE/plugins/com.st.stm32cube.ide.mcu.externaltools.gnu-tools-for-stm32.13.3.rel1.win32_1.0.0.202411081344/tools/bin/../lib/gcc/arm-none-eabi/13.3.1/../../../../arm-none-eabi/lib/thumb/v7e-m+fp/hard\libc_nano.a(libc_a-memset.o)
                0x0800b1fe                memset
 *fill*         0x0800b20e        0x2 
 .text._close_r
                0x0800b210       0x20 C:/ST/STM32CubeIDE_1.19.0/STM32CubeIDE/plugins/com.st.stm32cube.ide.mcu.externaltools.gnu-tools-for-stm32.13.3.rel1.win32_1.0.0.202411081344/tools/bin/../lib/gcc/arm-none-eabi/13.3.1/../../../../arm-none-eabi/lib/thumb/v7e-m+fp/hard\libc_nano.a(libc_a-closer.o)
                0x0800b210                _close_r
 .text._lseek_r
                0x0800b230       0x24 C:/ST/STM32CubeIDE_1.19.0/STM32CubeIDE/plugins/com.st.stm32cube.ide.mcu.externaltools.gnu-tools-for-stm32.13.3.rel1.win32_1.0.0.202411081344/tools/bin/../lib/gcc/arm-none-eabi/13.3.1/../../../../arm-none-eabi/lib/thumb/v7e-m+fp/hard\libc_nano.a(libc_a-lseekr.o)
                0x0800b230                _lseek_r
 .text._read_r  0x0800b254       0x24 C:/ST/STM32CubeIDE_1.19.0/STM32CubeIDE/plugins/com.st.stm32cube.ide.mcu.externaltools.gnu-tools-for-stm32.13.3.rel1.win32_1.0.0.202411081344/tools/bin/../lib/gcc/arm-none-eabi/13.3.1/../../../../arm-none-eabi/lib/thumb/v7e-m+fp/hard\libc_nano.a(libc_a-readr.o)
                0x0800b254                _read_r
 .text._write_r
                0x0800b278       0x24 C:/ST/STM32CubeIDE_1.19.0/STM32CubeIDE/plugins/com.st.stm32cube.ide.mcu.externaltools.gnu-tools-for-stm32.13.3.rel1.win32_1.0.0.202411081344/tools/bin/../lib/gcc/arm-none-eabi/13.3.1/../../../../arm-none-eabi/lib/thumb/v7e-m+fp/hard\libc_nano.a(libc_a-writer.o)
                0x0800b278                _write_r
 .text.__errno  0x0800b29c        0xc C:/ST/STM32CubeIDE_1.19.0/STM32CubeIDE/plugins/com.st.stm32cube.ide.mcu.externaltools.gnu-tools-for-stm32.13.3.rel1.win32_1.0.0.202411081344/tools/bin/../lib/gcc/arm-none-eabi/13.3.1/../../../../arm-none-eabi/lib/thumb/v7e-m+fp/hard\libc_nano.a(libc_a-errno.o)
                0x0800b29c                __errno
 .text.__libc_init_array
                0x0800b2a8       0x48 C:/ST/STM32CubeIDE_1.19.0/STM32CubeIDE/plugins/com.st.stm32cube.ide.mcu.externaltools.gnu-tools-for-stm32.13.3.rel1.win32_1.0.0.202411081344/tools/bin/../lib/gcc/arm-none-eabi/13.3.1/../../../../arm-none-eabi/lib/thumb/v7e-m+fp/hard\libc_nano.a(libc_a-init.o)
                0x0800b2a8                __libc_init_array
 .text.__retarget_lock_init_recursive
                0x0800b2f0        0x2 C:/ST/STM32CubeIDE_1.19.0/STM32CubeIDE/plugins/com.st.stm32cube.ide.mcu.externaltools.gnu-tools-for-stm32.13.3.rel1.win32_1.0.0.202411081344/tools/bin/../lib/gcc/arm-none-eabi/13.3.1/../../../../arm-none-eabi/lib/thumb/v7e-m+fp/hard\libc_nano.a(libc_a-lock.o)
                0x0800b2f0                __retarget_lock_init_recursive
 .text.__retarget_lock_acquire_recursive
                0x0800b2f2        0x2 C:/ST/STM32CubeIDE_1.19.0/STM32CubeIDE/plugins/com.st.stm32cube.ide.mcu.externaltools.gnu-tools-for-stm32.13.3.rel1.win32_1.0.0.202411081344/tools/bin/../lib/gcc/arm-none-eabi/13.3.1/../../../../arm-none-eabi/lib/thumb/v7e-m+fp/hard\libc_nano.a(libc_a-lock.o)
                0x0800b2f2                __retarget_lock_acquire_recursive
 .text.__retarget_lock_release_recursive
                0x0800b2f4        0x2 C:/ST/STM32CubeIDE_1.19.0/STM32CubeIDE/plugins/com.st.stm32cube.ide.mcu.externaltools.gnu-tools-for-stm32.13.3.rel1.win32_1.0.0.202411081344/tools/bin/../lib/gcc/arm-none-eabi/13.3.1/../../../../arm-none-eabi/lib/thumb/v7e-m+fp/hard\libc_nano.a(libc_a-lock.o)
                0x0800b2f4                __retarget_lock_release_recursive
 .text.memcpy   0x0800b2f6       0x1c C:/ST/STM32CubeIDE_1.19.0/STM32CubeIDE/plugins/com.st.stm32cube.ide.mcu.externaltools.gnu-tools-for-stm32.13.3.rel1.win32_1.0.0.202411081344/tools/bin/../lib/gcc/arm-none-eabi/13.3.1/../../../../arm-none-eabi/lib/thumb/v7e-m+fp/hard\libc_nano.a(libc_a-memcpy-stub.o)
                0x0800b2f6                memcpy
 *fill*         0x0800b312        0x2 
 .text.__assert_func
                0x0800b314       0x3c C:/ST/STM32CubeIDE_1.19.0/STM32CubeIDE/plugins/com.st.stm32cube.ide.mcu.externaltools.gnu-tools-for-stm32.13.3.rel1.win32_1.0.0.202411081344/tools/bin/../lib/gcc/arm-none-eabi/13.3.1/../../../../arm-none-eabi/lib/thumb/v7e-m+fp/hard\libc_nano.a(libc_a-assert.o)
                0x0800b314                __assert_func
 .text._free_r  0x0800b350       0x94 C:/ST/STM32CubeIDE_1.19.0/STM32CubeIDE/plugins/com.st.stm32cube.ide.mcu.externaltools.gnu-tools-for-stm32.13.3.rel1.win32_1.0.0.202411081344/tools/bin/../lib/gcc/arm-none-eabi/13.3.1/../../../../arm-none-eabi/lib/thumb/v7e-m+fp/hard\libc_nano.a(libc_a-freer.o)
                0x0800b350                _free_r
 .text.malloc   0x0800b3e4       0x10 C:/ST/STM32CubeIDE_1.19.0/STM32CubeIDE/plugins/com.st.stm32cube.ide.mcu.externaltools.gnu-tools-for-stm32.13.3.rel1.win32_1.0.0.202411081344/tools/bin/../lib/gcc/arm-none-eabi/13.3.1/../../../../arm-none-eabi/lib/thumb/v7e-m+fp/hard\libc_nano.a(libc_a-malloc.o)
                0x0800b3e4                malloc
 .text.sbrk_aligned
                0x0800b3f4       0x44 C:/ST/STM32CubeIDE_1.19.0/STM32CubeIDE/plugins/com.st.stm32cube.ide.mcu.externaltools.gnu-tools-for-stm32.13.3.rel1.win32_1.0.0.202411081344/tools/bin/../lib/gcc/arm-none-eabi/13.3.1/../../../../arm-none-eabi/lib/thumb/v7e-m+fp/hard\libc_nano.a(libc_a-mallocr.o)
 .text._malloc_r
                0x0800b438      0x100 C:/ST/STM32CubeIDE_1.19.0/STM32CubeIDE/plugins/com.st.stm32cube.ide.mcu.externaltools.gnu-tools-for-stm32.13.3.rel1.win32_1.0.0.202411081344/tools/bin/../lib/gcc/arm-none-eabi/13.3.1/../../../../arm-none-eabi/lib/thumb/v7e-m+fp/hard\libc_nano.a(libc_a-mallocr.o)
                0x0800b438                _malloc_r
 .text.__malloc_lock
                0x0800b538        0xc C:/ST/STM32CubeIDE_1.19.0/STM32CubeIDE/plugins/com.st.stm32cube.ide.mcu.externaltools.gnu-tools-for-stm32.13.3.rel1.win32_1.0.0.202411081344/tools/bin/../lib/gcc/arm-none-eabi/13.3.1/../../../../arm-none-eabi/lib/thumb/v7e-m+fp/hard\libc_nano.a(libc_a-mlock.o)
                0x0800b538                __malloc_lock
 .text.__malloc_unlock
                0x0800b544        0xc C:/ST/STM32CubeIDE_1.19.0/STM32CubeIDE/plugins/com.st.stm32cube.ide.mcu.externaltools.gnu-tools-for-stm32.13.3.rel1.win32_1.0.0.202411081344/tools/bin/../lib/gcc/arm-none-eabi/13.3.1/../../../../arm-none-eabi/lib/thumb/v7e-m+fp/hard\libc_nano.a(libc_a-mlock.o)
                0x0800b544                __malloc_unlock
 .text.__sfputc_r
                0x0800b550       0x2e C:/ST/STM32CubeIDE_1.19.0/STM32CubeIDE/plugins/com.st.stm32cube.ide.mcu.externaltools.gnu-tools-for-stm32.13.3.rel1.win32_1.0.0.202411081344/tools/bin/../lib/gcc/arm-none-eabi/13.3.1/../../../../arm-none-eabi/lib/thumb/v7e-m+fp/hard\libc_nano.a(libc_a-nano-vfprintf.o)
 .text.__sfputs_r
                0x0800b57e       0x24 C:/ST/STM32CubeIDE_1.19.0/STM32CubeIDE/plugins/com.st.stm32cube.ide.mcu.externaltools.gnu-tools-for-stm32.13.3.rel1.win32_1.0.0.202411081344/tools/bin/../lib/gcc/arm-none-eabi/13.3.1/../../../../arm-none-eabi/lib/thumb/v7e-m+fp/hard\libc_nano.a(libc_a-nano-vfprintf.o)
                0x0800b57e                __sfputs_r
 *fill*         0x0800b5a2        0x2 
 .text._vfprintf_r
                0x0800b5a4      0x230 C:/ST/STM32CubeIDE_1.19.0/STM32CubeIDE/plugins/com.st.stm32cube.ide.mcu.externaltools.gnu-tools-for-stm32.13.3.rel1.win32_1.0.0.202411081344/tools/bin/../lib/gcc/arm-none-eabi/13.3.1/../../../../arm-none-eabi/lib/thumb/v7e-m+fp/hard\libc_nano.a(libc_a-nano-vfprintf.o)
                0x0800b5a4                _vfprintf_r
                0x0800b5a4                _vfiprintf_r
 .text._printf_common
                0x0800b7d4       0xda C:/ST/STM32CubeIDE_1.19.0/STM32CubeIDE/plugins/com.st.stm32cube.ide.mcu.externaltools.gnu-tools-for-stm32.13.3.rel1.win32_1.0.0.202411081344/tools/bin/../lib/gcc/arm-none-eabi/13.3.1/../../../../arm-none-eabi/lib/thumb/v7e-m+fp/hard\libc_nano.a(libc_a-nano-vfprintf_i.o)
                0x0800b7d4                _printf_common
 *fill*         0x0800b8ae        0x2 
 .text._printf_i
                0x0800b8b0      0x23c C:/ST/STM32CubeIDE_1.19.0/STM32CubeIDE/plugins/com.st.stm32cube.ide.mcu.externaltools.gnu-tools-for-stm32.13.3.rel1.win32_1.0.0.202411081344/tools/bin/../lib/gcc/arm-none-eabi/13.3.1/../../../../arm-none-eabi/lib/thumb/v7e-m+fp/hard\libc_nano.a(libc_a-nano-vfprintf_i.o)
                0x0800b8b0                _printf_i
 .text.__sflush_r
                0x0800baec      0x108 C:/ST/STM32CubeIDE_1.19.0/STM32CubeIDE/plugins/com.st.stm32cube.ide.mcu.externaltools.gnu-tools-for-stm32.13.3.rel1.win32_1.0.0.202411081344/tools/bin/../lib/gcc/arm-none-eabi/13.3.1/../../../../arm-none-eabi/lib/thumb/v7e-m+fp/hard\libc_nano.a(libc_a-fflush.o)
                0x0800baec                __sflush_r
 .text._fflush_r
                0x0800bbf4       0x50 C:/ST/STM32CubeIDE_1.19.0/STM32CubeIDE/plugins/com.st.stm32cube.ide.mcu.externaltools.gnu-tools-for-stm32.13.3.rel1.win32_1.0.0.202411081344/tools/bin/../lib/gcc/arm-none-eabi/13.3.1/../../../../arm-none-eabi/lib/thumb/v7e-m+fp/hard\libc_nano.a(libc_a-fflush.o)
                0x0800bbf4                _fflush_r
 .text.fprintf  0x0800bc44       0x24 C:/ST/STM32CubeIDE_1.19.0/STM32CubeIDE/plugins/com.st.stm32cube.ide.mcu.externaltools.gnu-tools-for-stm32.13.3.rel1.win32_1.0.0.202411081344/tools/bin/../lib/gcc/arm-none-eabi/13.3.1/../../../../arm-none-eabi/lib/thumb/v7e-m+fp/hard\libc_nano.a(libc_a-fprintf.o)
                0x0800bc44                fiprintf
                0x0800bc44                fprintf
 .text.__swbuf_r
                0x0800bc68       0x7c C:/ST/STM32CubeIDE_1.19.0/STM32CubeIDE/plugins/com.st.stm32cube.ide.mcu.externaltools.gnu-tools-for-stm32.13.3.rel1.win32_1.0.0.202411081344/tools/bin/../lib/gcc/arm-none-eabi/13.3.1/../../../../arm-none-eabi/lib/thumb/v7e-m+fp/hard\libc_nano.a(libc_a-wbuf.o)
                0x0800bc68                __swbuf_r
 .text.__swsetup_r
                0x0800bce4       0xac C:/ST/STM32CubeIDE_1.19.0/STM32CubeIDE/plugins/com.st.stm32cube.ide.mcu.externaltools.gnu-tools-for-stm32.13.3.rel1.win32_1.0.0.202411081344/tools/bin/../lib/gcc/arm-none-eabi/13.3.1/../../../../arm-none-eabi/lib/thumb/v7e-m+fp/hard\libc_nano.a(libc_a-wsetup.o)
                0x0800bce4                __swsetup_r
 .text._sbrk_r  0x0800bd90       0x20 C:/ST/STM32CubeIDE_1.19.0/STM32CubeIDE/plugins/com.st.stm32cube.ide.mcu.externaltools.gnu-tools-for-stm32.13.3.rel1.win32_1.0.0.202411081344/tools/bin/../lib/gcc/arm-none-eabi/13.3.1/../../../../arm-none-eabi/lib/thumb/v7e-m+fp/hard\libc_nano.a(libc_a-sbrkr.o)
                0x0800bd90                _sbrk_r
 .text.abort    0x0800bdb0        0xe C:/ST/STM32CubeIDE_1.19.0/STM32CubeIDE/plugins/com.st.stm32cube.ide.mcu.externaltools.gnu-tools-for-stm32.13.3.rel1.win32_1.0.0.202411081344/tools/bin/../lib/gcc/arm-none-eabi/13.3.1/../../../../arm-none-eabi/lib/thumb/v7e-m+fp/hard\libc_nano.a(libc_a-abort.o)
                0x0800bdb0                abort
 .text.__swhatbuf_r
                0x0800bdbe       0x4c C:/ST/STM32CubeIDE_1.19.0/STM32CubeIDE/plugins/com.st.stm32cube.ide.mcu.externaltools.gnu-tools-for-stm32.13.3.rel1.win32_1.0.0.202411081344/tools/bin/../lib/gcc/arm-none-eabi/13.3.1/../../../../arm-none-eabi/lib/thumb/v7e-m+fp/hard\libc_nano.a(libc_a-makebuf.o)
                0x0800bdbe                __swhatbuf_r
 .text.__smakebuf_r
                0x0800be0a       0x78 C:/ST/STM32CubeIDE_1.19.0/STM32CubeIDE/plugins/com.st.stm32cube.ide.mcu.externaltools.gnu-tools-for-stm32.13.3.rel1.win32_1.0.0.202411081344/tools/bin/../lib/gcc/arm-none-eabi/13.3.1/../../../../arm-none-eabi/lib/thumb/v7e-m+fp/hard\libc_nano.a(libc_a-makebuf.o)
                0x0800be0a                __smakebuf_r
 .text._raise_r
                0x0800be82       0x50 C:/ST/STM32CubeIDE_1.19.0/STM32CubeIDE/plugins/com.st.stm32cube.ide.mcu.externaltools.gnu-tools-for-stm32.13.3.rel1.win32_1.0.0.202411081344/tools/bin/../lib/gcc/arm-none-eabi/13.3.1/../../../../arm-none-eabi/lib/thumb/v7e-m+fp/hard\libc_nano.a(libc_a-signal.o)
                0x0800be82                _raise_r
 *fill*         0x0800bed2        0x2 
 .text.raise    0x0800bed4       0x10 C:/ST/STM32CubeIDE_1.19.0/STM32CubeIDE/plugins/com.st.stm32cube.ide.mcu.externaltools.gnu-tools-for-stm32.13.3.rel1.win32_1.0.0.202411081344/tools/bin/../lib/gcc/arm-none-eabi/13.3.1/../../../../arm-none-eabi/lib/thumb/v7e-m+fp/hard\libc_nano.a(libc_a-signal.o)
                0x0800bed4                raise
 .text._fstat_r
                0x0800bee4       0x24 C:/ST/STM32CubeIDE_1.19.0/STM32CubeIDE/plugins/com.st.stm32cube.ide.mcu.externaltools.gnu-tools-for-stm32.13.3.rel1.win32_1.0.0.202411081344/tools/bin/../lib/gcc/arm-none-eabi/13.3.1/../../../../arm-none-eabi/lib/thumb/v7e-m+fp/hard\libc_nano.a(libc_a-fstatr.o)
                0x0800bee4                _fstat_r
 .text._isatty_r
                0x0800bf08       0x20 C:/ST/STM32CubeIDE_1.19.0/STM32CubeIDE/plugins/com.st.stm32cube.ide.mcu.externaltools.gnu-tools-for-stm32.13.3.rel1.win32_1.0.0.202411081344/tools/bin/../lib/gcc/arm-none-eabi/13.3.1/../../../../arm-none-eabi/lib/thumb/v7e-m+fp/hard\libc_nano.a(libc_a-isattyr.o)
                0x0800bf08                _isatty_r
 .text._kill_r  0x0800bf28       0x24 C:/ST/STM32CubeIDE_1.19.0/STM32CubeIDE/plugins/com.st.stm32cube.ide.mcu.externaltools.gnu-tools-for-stm32.13.3.rel1.win32_1.0.0.202411081344/tools/bin/../lib/gcc/arm-none-eabi/13.3.1/../../../../arm-none-eabi/lib/thumb/v7e-m+fp/hard\libc_nano.a(libc_a-signalr.o)
                0x0800bf28                _kill_r
 .text._getpid_r
                0x0800bf4c        0x4 C:/ST/STM32CubeIDE_1.19.0/STM32CubeIDE/plugins/com.st.stm32cube.ide.mcu.externaltools.gnu-tools-for-stm32.13.3.rel1.win32_1.0.0.202411081344/tools/bin/../lib/gcc/arm-none-eabi/13.3.1/../../../../arm-none-eabi/lib/thumb/v7e-m+fp/hard\libc_nano.a(libc_a-signalr.o)
                0x0800bf4c                _getpid_r
 *(.glue_7)
 .glue_7        0x0800bf50        0x0 linker stubs
 *(.glue_7t)
 .glue_7t       0x0800bf50        0x0 linker stubs
 *(.eh_frame)
 .eh_frame      0x0800bf50        0x0 C:/ST/STM32CubeIDE_1.19.0/STM32CubeIDE/plugins/com.st.stm32cube.ide.mcu.externaltools.gnu-tools-for-stm32.13.3.rel1.win32_1.0.0.202411081344/tools/bin/../lib/gcc/arm-none-eabi/13.3.1/thumb/v7e-m+fp/hard/crtbegin.o
 *(.init)
 .init          0x0800bf50        0x4 C:/ST/STM32CubeIDE_1.19.0/STM32CubeIDE/plugins/com.st.stm32cube.ide.mcu.externaltools.gnu-tools-for-stm32.13.3.rel1.win32_1.0.0.202411081344/tools/bin/../lib/gcc/arm-none-eabi/13.3.1/thumb/v7e-m+fp/hard/crti.o
                0x0800bf50                _init
 .init          0x0800bf54        0x8 C:/ST/STM32CubeIDE_1.19.0/STM32CubeIDE/plugins/com.st.stm32cube.ide.mcu.externaltools.gnu-tools-for-stm32.13.3.rel1.win32_1.0.0.202411081344/tools/bin/../lib/gcc/arm-none-eabi/13.3.1/thumb/v7e-m+fp/hard/crtn.o
 *(.fini)
 .fini          0x0800bf5c        0x4 C:/ST/STM32CubeIDE_1.19.0/STM32CubeIDE/plugins/com.st.stm32cube.ide.mcu.externaltools.gnu-tools-for-stm32.13.3.rel1.win32_1.0.0.202411081344/tools/bin/../lib/gcc/arm-none-eabi/13.3.1/thumb/v7e-m+fp/hard/crti.o
                0x0800bf5c                _fini
 .fini          0x0800bf60        0x8 C:/ST/STM32CubeIDE_1.19.0/STM32CubeIDE/plugins/com.st.stm32cube.ide.mcu.externaltools.gnu-tools-for-stm32.13.3.rel1.win32_1.0.0.202411081344/tools/bin/../lib/gcc/arm-none-eabi/13.3.1/thumb/v7e-m+fp/hard/crtn.o
                0x0800bf68                        . = ALIGN (0x4)
                0x0800bf68                        _etext = .

.vfp11_veneer   0x0800bf68        0x0
 .vfp11_veneer  0x0800bf68        0x0 linker stubs

.v4_bx          0x0800bf68        0x0
 .v4_bx         0x0800bf68        0x0 linker stubs

.iplt           0x0800bf68        0x0
 .iplt          0x0800bf68        0x0 C:/ST/STM32CubeIDE_1.19.0/STM32CubeIDE/plugins/com.st.stm32cube.ide.mcu.externaltools.gnu-tools-for-stm32.13.3.rel1.win32_1.0.0.202411081344/tools/bin/../lib/gcc/arm-none-eabi/13.3.1/thumb/v7e-m+fp/hard/crtbegin.o

.rodata         0x0800bf68      0x1d0
                0x0800bf68                        . = ALIGN (0x4)
 *(.rodata)
 .rodata        0x0800bf68        0x8 ./BlueNRG_MS/App/app_bluenrg_ms.o
 .rodata        0x0800bf70       0x5a ./Core/Src/main.o
 *fill*         0x0800bfca        0x2 
 .rodata        0x0800bfcc        0x5 ./Middlewares/Third_Party/FreeRTOS/Source/tasks.o
 *(.rodata*)
 *fill*         0x0800bfd1        0x3 
 .rodata.AHBPrescTable
                0x0800bfd4       0x10 ./Core/Src/system_stm32l4xx.o
                0x0800bfd4                AHBPrescTable
 .rodata.APBPrescTable
                0x0800bfe4        0x8 ./Core/Src/system_stm32l4xx.o
                0x0800bfe4                APBPrescTable
 .rodata.MSIRangeTable
                0x0800bfec       0x30 ./Core/Src/system_stm32l4xx.o
                0x0800bfec                MSIRangeTable
 .rodata.LedGpioInit.4
                0x0800c01c        0x4 ./Drivers/BSP/B-L4S5I-IOT01A/b_l4s5i_iot01a.o
 .rodata.ButtonGpioInit.3
                0x0800c020        0x4 ./Drivers/BSP/B-L4S5I-IOT01A/b_l4s5i_iot01a.o
 .rodata.BUTTON_EXTI_LINE.2
                0x0800c024        0x4 ./Drivers/BSP/B-L4S5I-IOT01A/b_l4s5i_iot01a.o
 .rodata.ButtonCallback.1
                0x0800c028        0x4 ./Drivers/BSP/B-L4S5I-IOT01A/b_l4s5i_iot01a.o
 .rodata.BSP_BUTTON_PRIO.0
                0x0800c02c        0x4 ./Drivers/BSP/B-L4S5I-IOT01A/b_l4s5i_iot01a.o
 .rodata.UARTPrescTable
                0x0800c030       0x18 ./Drivers/STM32L4xx_HAL_Driver/Src/stm32l4xx_hal_uart.o
                0x0800c030                UARTPrescTable
 .rodata.numerator.1
                0x0800c048        0x8 ./Drivers/STM32L4xx_HAL_Driver/Src/stm32l4xx_hal_uart_ex.o
 .rodata.denominator.0
                0x0800c050        0x8 ./Drivers/STM32L4xx_HAL_Driver/Src/stm32l4xx_hal_uart_ex.o
 .rodata.srand.str1.1
                0x0800c058       0xde C:/ST/STM32CubeIDE_1.19.0/STM32CubeIDE/plugins/com.st.stm32cube.ide.mcu.externaltools.gnu-tools-for-stm32.13.3.rel1.win32_1.0.0.202411081344/tools/bin/../lib/gcc/arm-none-eabi/13.3.1/../../../../arm-none-eabi/lib/thumb/v7e-m+fp/hard\libc_nano.a(libc_a-rand.o)
                                 0x6f (size before relaxing)
 .rodata.__assert_func.str1.1
                0x0800c136       0x3d C:/ST/STM32CubeIDE_1.19.0/STM32CubeIDE/plugins/com.st.stm32cube.ide.mcu.externaltools.gnu-tools-for-stm32.13.3.rel1.win32_1.0.0.202411081344/tools/bin/../lib/gcc/arm-none-eabi/13.3.1/../../../../arm-none-eabi/lib/thumb/v7e-m+fp/hard\libc_nano.a(libc_a-assert.o)
 .rodata._vfprintf_r.str1.1
                0x0800c136       0x11 C:/ST/STM32CubeIDE_1.19.0/STM32CubeIDE/plugins/com.st.stm32cube.ide.mcu.externaltools.gnu-tools-for-stm32.13.3.rel1.win32_1.0.0.202411081344/tools/bin/../lib/gcc/arm-none-eabi/13.3.1/../../../../arm-none-eabi/lib/thumb/v7e-m+fp/hard\libc_nano.a(libc_a-nano-vfprintf.o)
 .rodata._printf_i.str1.1
                0x0800c136       0x22 C:/ST/STM32CubeIDE_1.19.0/STM32CubeIDE/plugins/com.st.stm32cube.ide.mcu.externaltools.gnu-tools-for-stm32.13.3.rel1.win32_1.0.0.202411081344/tools/bin/../lib/gcc/arm-none-eabi/13.3.1/../../../../arm-none-eabi/lib/thumb/v7e-m+fp/hard\libc_nano.a(libc_a-nano-vfprintf_i.o)
                0x0800c174                        . = ALIGN (0x4)
 *fill*         0x0800c136        0x2 

.ARM.extab      0x0800c138        0x0
                0x0800c138                        . = ALIGN (0x4)
 *(.ARM.extab* .gnu.linkonce.armextab.*)
                0x0800c138                        . = ALIGN (0x4)

.ARM            0x0800c138        0x8
                0x0800c138                        . = ALIGN (0x4)
                0x0800c138                        __exidx_start = .
 *(.ARM.exidx*)
 .ARM.exidx     0x0800c138        0x8 C:/ST/STM32CubeIDE_1.19.0/STM32CubeIDE/plugins/com.st.stm32cube.ide.mcu.externaltools.gnu-tools-for-stm32.13.3.rel1.win32_1.0.0.202411081344/tools/bin/../lib/gcc/arm-none-eabi/13.3.1/../../../../arm-none-eabi/lib/thumb/v7e-m+fp/hard\libc_nano.a(libc_a-strlen.o)
 .ARM.exidx     0x0800c140        0x0 C:/ST/STM32CubeIDE_1.19.0/STM32CubeIDE/plugins/com.st.stm32cube.ide.mcu.externaltools.gnu-tools-for-stm32.13.3.rel1.win32_1.0.0.202411081344/tools/bin/../lib/gcc/arm-none-eabi/13.3.1/../../../../arm-none-eabi/lib/thumb/v7e-m+fp/hard\libc_nano.a(libc_a-memchr.o)
                                  0x8 (size before relaxing)
 .ARM.exidx     0x0800c140        0x0 C:/ST/STM32CubeIDE_1.19.0/STM32CubeIDE/plugins/com.st.stm32cube.ide.mcu.externaltools.gnu-tools-for-stm32.13.3.rel1.win32_1.0.0.202411081344/tools/bin/../lib/gcc/arm-none-eabi/13.3.1/thumb/v7e-m+fp/hard\libgcc.a(_udivmoddi4.o)
                                  0x8 (size before relaxing)
                0x0800c140                        __exidx_end = .
                0x0800c140                        . = ALIGN (0x4)

.preinit_array  0x0800c140        0x0
                0x0800c140                        . = ALIGN (0x4)
                0x0800c140                        PROVIDE (__preinit_array_start = .)
 *(.preinit_array*)
                0x0800c140                        PROVIDE (__preinit_array_end = .)
                0x0800c140                        . = ALIGN (0x4)

.init_array     0x0800c140        0x4
                0x0800c140                        . = ALIGN (0x4)
                0x0800c140                        PROVIDE (__init_array_start = .)
 *(SORT_BY_NAME(.init_array.*))
 *(.init_array*)
 .init_array    0x0800c140        0x4 C:/ST/STM32CubeIDE_1.19.0/STM32CubeIDE/plugins/com.st.stm32cube.ide.mcu.externaltools.gnu-tools-for-stm32.13.3.rel1.win32_1.0.0.202411081344/tools/bin/../lib/gcc/arm-none-eabi/13.3.1/thumb/v7e-m+fp/hard/crtbegin.o
                0x0800c144                        PROVIDE (__init_array_end = .)
                0x0800c144                        . = ALIGN (0x4)

.fini_array     0x0800c144        0x4
                0x0800c144                        . = ALIGN (0x4)
                [!provide]                        PROVIDE (__fini_array_start = .)
 *(SORT_BY_NAME(.fini_array.*))
 *(.fini_array*)
 .fini_array    0x0800c144        0x4 C:/ST/STM32CubeIDE_1.19.0/STM32CubeIDE/plugins/com.st.stm32cube.ide.mcu.externaltools.gnu-tools-for-stm32.13.3.rel1.win32_1.0.0.202411081344/tools/bin/../lib/gcc/arm-none-eabi/13.3.1/thumb/v7e-m+fp/hard/crtbegin.o
                [!provide]                        PROVIDE (__fini_array_end = .)
                0x0800c148                        . = ALIGN (0x4)
                0x0800c148                        _sidata = LOADADDR (.data)

.rel.dyn        0x0800c148        0x0
 .rel.iplt      0x0800c148        0x0 C:/ST/STM32CubeIDE_1.19.0/STM32CubeIDE/plugins/com.st.stm32cube.ide.mcu.externaltools.gnu-tools-for-stm32.13.3.rel1.win32_1.0.0.202411081344/tools/bin/../lib/gcc/arm-none-eabi/13.3.1/thumb/v7e-m+fp/hard/crtbegin.o

.data           0x20000000       0x80 load address 0x0800c148
                0x20000000                        . = ALIGN (0x4)
                0x20000000                        _sdata = .
 *(.data)
 *(.data*)
 .data.user_button_init_state
                0x20000000        0x1 ./BlueNRG_MS/App/app_bluenrg_ms.o
 .data.set_connectable
                0x20000001        0x1 ./BlueNRG_MS/App/sensor.o
                0x20000001                set_connectable
 *fill*         0x20000002        0x2 
 .data.SystemCoreClock
                0x20000004        0x4 ./Core/Src/system_stm32l4xx.o
                0x20000004                SystemCoreClock
 .data.BUTTON_PORT
                0x20000008        0x4 ./Drivers/BSP/B-L4S5I-IOT01A/b_l4s5i_iot01a.o
 .data.hpb_exti
                0x2000000c        0x8 ./Drivers/BSP/B-L4S5I-IOT01A/b_l4s5i_iot01a.o
                0x2000000c                hpb_exti
 .data.COM_USART
                0x20000014        0x4 ./Drivers/BSP/B-L4S5I-IOT01A/b_l4s5i_iot01a.o
                0x20000014                COM_USART
 .data.uwTickPrio
                0x20000018        0x4 ./Drivers/STM32L4xx_HAL_Driver/Src/stm32l4xx_hal.o
                0x20000018                uwTickPrio
 .data.uwTickFreq
                0x2000001c        0x1 ./Drivers/STM32L4xx_HAL_Driver/Src/stm32l4xx_hal.o
                0x2000001c                uwTickFreq
 *fill*         0x2000001d        0x3 
 .data.uxCriticalNesting
                0x20000020        0x4 ./Middlewares/Third_Party/FreeRTOS/Source/portable/GCC/ARM_CM4F/port.o
 .data.__sglue  0x20000024        0xc C:/ST/STM32CubeIDE_1.19.0/STM32CubeIDE/plugins/com.st.stm32cube.ide.mcu.externaltools.gnu-tools-for-stm32.13.3.rel1.win32_1.0.0.202411081344/tools/bin/../lib/gcc/arm-none-eabi/13.3.1/../../../../arm-none-eabi/lib/thumb/v7e-m+fp/hard\libc_nano.a(libc_a-findfp.o)
                0x20000024                __sglue
 .data._impure_ptr
                0x20000030        0x4 C:/ST/STM32CubeIDE_1.19.0/STM32CubeIDE/plugins/com.st.stm32cube.ide.mcu.externaltools.gnu-tools-for-stm32.13.3.rel1.win32_1.0.0.202411081344/tools/bin/../lib/gcc/arm-none-eabi/13.3.1/../../../../arm-none-eabi/lib/thumb/v7e-m+fp/hard\libc_nano.a(libc_a-impure.o)
                0x20000030                _impure_ptr
 .data._impure_data
                0x20000034       0x4c C:/ST/STM32CubeIDE_1.19.0/STM32CubeIDE/plugins/com.st.stm32cube.ide.mcu.externaltools.gnu-tools-for-stm32.13.3.rel1.win32_1.0.0.202411081344/tools/bin/../lib/gcc/arm-none-eabi/13.3.1/../../../../arm-none-eabi/lib/thumb/v7e-m+fp/hard\libc_nano.a(libc_a-impure.o)
                0x20000034                _impure_data
 *(.RamFunc)
 *(.RamFunc*)
                0x20000080                        . = ALIGN (0x4)
                0x20000080                        _edata = .

.igot.plt       0x20000080        0x0 load address 0x0800c1c8
 .igot.plt      0x20000080        0x0 C:/ST/STM32CubeIDE_1.19.0/STM32CubeIDE/plugins/com.st.stm32cube.ide.mcu.externaltools.gnu-tools-for-stm32.13.3.rel1.win32_1.0.0.202411081344/tools/bin/../lib/gcc/arm-none-eabi/13.3.1/thumb/v7e-m+fp/hard/crtbegin.o
                0x20000080                        . = ALIGN (0x4)

.bss            0x20000080     0x1a5c load address 0x0800c1c8
                0x20000080                        _sbss = .
                0x20000080                        __bss_start__ = _sbss
 *(.bss)
 .bss           0x20000080       0x1c C:/ST/STM32CubeIDE_1.19.0/STM32CubeIDE/plugins/com.st.stm32cube.ide.mcu.externaltools.gnu-tools-for-stm32.13.3.rel1.win32_1.0.0.202411081344/tools/bin/../lib/gcc/arm-none-eabi/13.3.1/thumb/v7e-m+fp/hard/crtbegin.o
 *(.bss*)
 .bss.bnrg_expansion_board
                0x2000009c        0x1 ./BlueNRG_MS/App/app_bluenrg_ms.o
                0x2000009c                bnrg_expansion_board
 *fill*         0x2000009d        0x3 
 .bss.bdaddr    0x200000a0        0x6 ./BlueNRG_MS/App/app_bluenrg_ms.o
                0x200000a0                bdaddr
 .bss.user_button_pressed
                0x200000a6        0x1 ./BlueNRG_MS/App/app_bluenrg_ms.o
 *fill*         0x200000a7        0x1 
 .bss.HWServW2STHandle
                0x200000a8        0x2 ./BlueNRG_MS/App/gatt_db.o
                0x200000a8                HWServW2STHandle
 .bss.EnvironmentalCharHandle
                0x200000aa        0x2 ./BlueNRG_MS/App/gatt_db.o
                0x200000aa                EnvironmentalCharHandle
 .bss.AccGyroMagCharHandle
                0x200000ac        0x2 ./BlueNRG_MS/App/gatt_db.o
                0x200000ac                AccGyroMagCharHandle
 .bss.SWServW2STHandle
                0x200000ae        0x2 ./BlueNRG_MS/App/gatt_db.o
                0x200000ae                SWServW2STHandle
 .bss.QuaternionsCharHandle
                0x200000b0        0x2 ./BlueNRG_MS/App/gatt_db.o
                0x200000b0                QuaternionsCharHandle
 *fill*         0x200000b2        0x2 
 .bss.service_uuid
                0x200000b4       0x10 ./BlueNRG_MS/App/gatt_db.o
                0x200000b4                service_uuid
 .bss.char_uuid
                0x200000c4       0x10 ./BlueNRG_MS/App/gatt_db.o
                0x200000c4                char_uuid
 .bss.connection_handle
                0x200000d4        0x2 ./BlueNRG_MS/App/sensor.o
                0x200000d4                connection_handle
 .bss.notification_enabled
                0x200000d6        0x1 ./BlueNRG_MS/App/sensor.o
                0x200000d6                notification_enabled
 *fill*         0x200000d7        0x1 
 .bss.connected
                0x200000d8        0x4 ./BlueNRG_MS/App/sensor.o
                0x200000d8                connected
 .bss.x_axes    0x200000dc        0xc ./BlueNRG_MS/App/sensor.o
                0x200000dc                x_axes
 .bss.g_axes    0x200000e8        0xc ./BlueNRG_MS/App/sensor.o
                0x200000e8                g_axes
 .bss.m_axes    0x200000f4        0xc ./BlueNRG_MS/App/sensor.o
                0x200000f4                m_axes
 .bss.hexti6    0x20000100        0x8 ./BlueNRG_MS/Target/hci_tl_interface.o
                0x20000100                hexti6
 .bss.read_char_buf.0
                0x20000108       0xff ./BlueNRG_MS/Target/hci_tl_interface.o
 *fill*         0x20000207        0x1 
 .bss.xIdleTaskTCBBuffer
                0x20000208       0x54 ./Core/Src/freertos.o
 .bss.xIdleStack
                0x2000025c      0x200 ./Core/Src/freertos.o
 .bss.hadc1     0x2000045c       0x68 ./Core/Src/main.o
                0x2000045c                hadc1
 .bss.hdfsdm1_channel2
                0x200004c4       0x38 ./Core/Src/main.o
                0x200004c4                hdfsdm1_channel2
 .bss.hi2c1     0x200004fc       0x54 ./Core/Src/main.o
                0x200004fc                hi2c1
 .bss.hi2c2     0x20000550       0x54 ./Core/Src/main.o
                0x20000550                hi2c2
 .bss.hospi1    0x200005a4       0x50 ./Core/Src/main.o
                0x200005a4                hospi1
 .bss.hspi1     0x200005f4       0x64 ./Core/Src/main.o
                0x200005f4                hspi1
 .bss.htim1     0x20000658       0x4c ./Core/Src/main.o
                0x20000658                htim1
 .bss.huart4    0x200006a4       0x94 ./Core/Src/main.o
                0x200006a4                huart4
 .bss.huart2    0x20000738       0x94 ./Core/Src/main.o
                0x20000738                huart2
 .bss.huart3    0x200007cc       0x94 ./Core/Src/main.o
                0x200007cc                huart3
 .bss.defaultTaskHandle
                0x20000860        0x4 ./Core/Src/main.o
                0x20000860                defaultTaskHandle
 .bss.myTask02Handle
                0x20000864        0x4 ./Core/Src/main.o
                0x20000864                myTask02Handle
 .bss.DFSDM1_Init
                0x20000868        0x4 ./Core/Src/stm32l4xx_hal_msp.o
 .bss.__sbrk_heap_end
                0x2000086c        0x4 ./Core/Src/sysmem.o
 .bss.hcom_uart
                0x20000870       0x94 ./Drivers/BSP/B-L4S5I-IOT01A/b_l4s5i_iot01a.o
                0x20000870                hcom_uart
 .bss.COM_ActiveLogPort
                0x20000904        0x1 ./Drivers/BSP/B-L4S5I-IOT01A/b_l4s5i_iot01a.o
 *fill*         0x20000905        0x3 
 .bss.hspi3     0x20000908       0x64 ./Drivers/BSP/B-L4S5I-IOT01A/b_l4s5i_iot01a_bus.o
                0x20000908                hspi3
 .bss.SPI3InitCounter
                0x2000096c        0x4 ./Drivers/BSP/B-L4S5I-IOT01A/b_l4s5i_iot01a_bus.o
 .bss.uwTick    0x20000970        0x4 ./Drivers/STM32L4xx_HAL_Driver/Src/stm32l4xx_hal.o
                0x20000970                uwTick
 .bss.v_dfsdm1ChannelCounter
                0x20000974        0x4 ./Drivers/STM32L4xx_HAL_Driver/Src/stm32l4xx_hal_dfsdm.o
 .bss.a_dfsdm1ChannelHandle
                0x20000978       0x20 ./Drivers/STM32L4xx_HAL_Driver/Src/stm32l4xx_hal_dfsdm.o
 .bss.hciReadPktPool
                0x20000998        0x8 ./Middlewares/ST/BlueNRG-MS/hci/hci_tl_patterns/Basic/hci_tl.o
                0x20000998                hciReadPktPool
 .bss.hciReadPktRxQueue
                0x200009a0        0x8 ./Middlewares/ST/BlueNRG-MS/hci/hci_tl_patterns/Basic/hci_tl.o
                0x200009a0                hciReadPktRxQueue
 .bss.hciReadPacketBuffer
                0x200009a8      0x2bc ./Middlewares/ST/BlueNRG-MS/hci/hci_tl_patterns/Basic/hci_tl.o
 .bss.hciContext
                0x20000c64       0x20 ./Middlewares/ST/BlueNRG-MS/hci/hci_tl_patterns/Basic/hci_tl.o
 .bss.pxCurrentTCB
                0x20000c84        0x4 ./Middlewares/Third_Party/FreeRTOS/Source/tasks.o
                0x20000c84                pxCurrentTCB
 .bss.pxReadyTasksLists
                0x20000c88       0x8c ./Middlewares/Third_Party/FreeRTOS/Source/tasks.o
 .bss.xDelayedTaskList1
                0x20000d14       0x14 ./Middlewares/Third_Party/FreeRTOS/Source/tasks.o
 .bss.xDelayedTaskList2
                0x20000d28       0x14 ./Middlewares/Third_Party/FreeRTOS/Source/tasks.o
 .bss.pxDelayedTaskList
                0x20000d3c        0x4 ./Middlewares/Third_Party/FreeRTOS/Source/tasks.o
 .bss.pxOverflowDelayedTaskList
                0x20000d40        0x4 ./Middlewares/Third_Party/FreeRTOS/Source/tasks.o
 .bss.xPendingReadyList
                0x20000d44       0x14 ./Middlewares/Third_Party/FreeRTOS/Source/tasks.o
 .bss.xTasksWaitingTermination
                0x20000d58       0x14 ./Middlewares/Third_Party/FreeRTOS/Source/tasks.o
 .bss.uxDeletedTasksWaitingCleanUp
                0x20000d6c        0x4 ./Middlewares/Third_Party/FreeRTOS/Source/tasks.o
 .bss.xSuspendedTaskList
                0x20000d70       0x14 ./Middlewares/Third_Party/FreeRTOS/Source/tasks.o
 .bss.uxCurrentNumberOfTasks
                0x20000d84        0x4 ./Middlewares/Third_Party/FreeRTOS/Source/tasks.o
 .bss.xTickCount
                0x20000d88        0x4 ./Middlewares/Third_Party/FreeRTOS/Source/tasks.o
 .bss.uxTopReadyPriority
                0x20000d8c        0x4 ./Middlewares/Third_Party/FreeRTOS/Source/tasks.o
 .bss.xSchedulerRunning
                0x20000d90        0x4 ./Middlewares/Third_Party/FreeRTOS/Source/tasks.o
 .bss.xPendedTicks
                0x20000d94        0x4 ./Middlewares/Third_Party/FreeRTOS/Source/tasks.o
 .bss.xYieldPending
                0x20000d98        0x4 ./Middlewares/Third_Party/FreeRTOS/Source/tasks.o
 .bss.xNumOfOverflows
                0x20000d9c        0x4 ./Middlewares/Third_Party/FreeRTOS/Source/tasks.o
 .bss.uxTaskNumber
                0x20000da0        0x4 ./Middlewares/Third_Party/FreeRTOS/Source/tasks.o
 .bss.xNextTaskUnblockTime
                0x20000da4        0x4 ./Middlewares/Third_Party/FreeRTOS/Source/tasks.o
 .bss.xIdleTaskHandle
                0x20000da8        0x4 ./Middlewares/Third_Party/FreeRTOS/Source/tasks.o
 .bss.uxSchedulerSuspended
                0x20000dac        0x4 ./Middlewares/Third_Party/FreeRTOS/Source/tasks.o
 .bss.ucMaxSysCallPriority