../Drivers/BSP/B-L475E-IOT01A2/b_l475e_iot01a2.c:120:9:BSP_GetVersion	4	static
../Drivers/BSP/B-L475E-IOT01A2/b_l475e_iot01a2.c:132:9:BSP_LED_Init	16	static
../Drivers/BSP/B-L475E-IOT01A2/b_l475e_iot01a2.c:147:9:BSP_LED_DeInit	40	static
../Drivers/BSP/B-L475E-IOT01A2/b_l475e_iot01a2.c:170:9:BSP_LED_On	16	static
../Drivers/BSP/B-L475E-IOT01A2/b_l475e_iot01a2.c:187:9:BSP_LED_Off	16	static
../Drivers/BSP/B-L475E-IOT01A2/b_l475e_iot01a2.c:204:9:BSP_LED_Toggle	16	static
../Drivers/BSP/B-L475E-IOT01A2/b_l475e_iot01a2.c:221:9:BSP_LED_GetState	16	static
../Drivers/BSP/B-L475E-IOT01A2/b_l475e_iot01a2.c:229:13:LED_USER_GPIO_Init	40	static
../Drivers/BSP/B-L475E-IOT01A2/b_l475e_iot01a2.c:263:9:BSP_PB_Init	24	static
../Drivers/BSP/B-L475E-IOT01A2/b_l475e_iot01a2.c:303:9:BSP_PB_DeInit	40	static
../Drivers/BSP/B-L475E-IOT01A2/b_l475e_iot01a2.c:321:9:BSP_PB_GetState	16	static
../Drivers/BSP/B-L475E-IOT01A2/b_l475e_iot01a2.c:330:6:BSP_PB_IRQHandler	16	static
../Drivers/BSP/B-L475E-IOT01A2/b_l475e_iot01a2.c:340:13:BSP_PB_Callback	16	static
../Drivers/BSP/B-L475E-IOT01A2/b_l475e_iot01a2.c:353:13:BUTTON_USER_EXTI_Callback	8	static
../Drivers/BSP/B-L475E-IOT01A2/b_l475e_iot01a2.c:362:13:BUTTON_USER_GPIO_Init	40	static
../Drivers/BSP/B-L475E-IOT01A2/b_l475e_iot01a2.c:389:9:BSP_COM_Init	24	static
../Drivers/BSP/B-L475E-IOT01A2/b_l475e_iot01a2.c:427:9:BSP_COM_DeInit	24	static
../Drivers/BSP/B-L475E-IOT01A2/b_l475e_iot01a2.c:464:26:MX_USART1_UART_Init	24	static
../Drivers/BSP/B-L475E-IOT01A2/b_l475e_iot01a2.c:568:9:BSP_COM_SelectLogPort	16	static
../Drivers/BSP/B-L475E-IOT01A2/b_l475e_iot01a2.c:627:13:USART1_MspInit	192	static
../Drivers/BSP/B-L475E-IOT01A2/b_l475e_iot01a2.c:668:13:USART1_MspDeInit	16	static
../Drivers/BSP/B-L475E-IOT01A2/b_l475e_iot01a2.c:703:13:I2Cx_MspInit	48	static
../Drivers/BSP/B-L475E-IOT01A2/b_l475e_iot01a2.c:745:13:I2Cx_MspDeInit	40	static
../Drivers/BSP/B-L475E-IOT01A2/b_l475e_iot01a2.c:764:13:I2Cx_Init	16	static
../Drivers/BSP/B-L475E-IOT01A2/b_l475e_iot01a2.c:789:13:I2Cx_DeInit	16	static
../Drivers/BSP/B-L475E-IOT01A2/b_l475e_iot01a2.c:805:26:I2Cx_ReadMultiple	48	static
../Drivers/BSP/B-L475E-IOT01A2/b_l475e_iot01a2.c:831:26:I2Cx_WriteMultiple	48	static
../Drivers/BSP/B-L475E-IOT01A2/b_l475e_iot01a2.c:854:26:I2Cx_IsDeviceReady	24	static
../Drivers/BSP/B-L475E-IOT01A2/b_l475e_iot01a2.c:865:13:I2Cx_Error	16	static
../Drivers/BSP/B-L475E-IOT01A2/b_l475e_iot01a2.c:887:6:SENSOR_IO_Init	8	static
../Drivers/BSP/B-L475E-IOT01A2/b_l475e_iot01a2.c:896:6:SENSOR_IO_DeInit	8	static
../Drivers/BSP/B-L475E-IOT01A2/b_l475e_iot01a2.c:908:6:SENSOR_IO_Write	24	static
../Drivers/BSP/B-L475E-IOT01A2/b_l475e_iot01a2.c:919:9:SENSOR_IO_Read	32	static
../Drivers/BSP/B-L475E-IOT01A2/b_l475e_iot01a2.c:937:10:SENSOR_IO_ReadMultiple	24	static
../Drivers/BSP/B-L475E-IOT01A2/b_l475e_iot01a2.c:951:6:SENSOR_IO_WriteMultiple	24	static
../Drivers/BSP/B-L475E-IOT01A2/b_l475e_iot01a2.c:963:19:SENSOR_IO_IsDeviceReady	16	static
../Drivers/BSP/B-L475E-IOT01A2/b_l475e_iot01a2.c:973:6:SENSOR_IO_Delay	16	static
