../Core/Src/main.c:99:5:main	72	static
../Core/Src/main.c:192:6:SystemClock_Config	96	static
../Core/Src/main.c:252:6:PeriphCommonClock_Config	160	static
../Core/Src/main.c:279:13:MX_ADC1_Init	32	static
../Core/Src/main.c:337:13:MX_DFSDM1_Init	8	static
../Core/Src/main.c:375:13:MX_I2C1_Init	8	static
../Core/Src/main.c:423:13:MX_I2C2_Init	8	static
../Core/Src/main.c:471:13:MX_OCTOSPI1_Init	32	static
../Core/Src/main.c:519:13:MX_SPI1_Init	8	static
../Core/Src/main.c:559:13:MX_TIM1_Init	40	static
../Core/Src/main.c:606:13:MX_UART4_Init	8	static
../Core/Src/main.c:654:13:MX_USART2_UART_Init	8	static
../Core/Src/main.c:702:13:MX_USART3_UART_Init	8	static
../Core/Src/main.c:750:13:MX_USB_OTG_FS_USB_Init	4	static
../Core/Src/main.c:771:13:MX_GPIO_Init	56	static
../Core/Src/main.c:915:6:StartDefaultTask	16	static
../Core/Src/main.c:933:6:StartTask02	16	static
../Core/Src/main.c:949:6:Error_Handler	4	static,ignoring_inline_asm
